Microchip MPLAB XC8 Compiler V1.34 ()

Linker command line:

--edf=C:\Program Files (x86)\Microchip\xc8\v1.34\dat\en_msgs.txt -cs \
  -h+dist/default/debug\LCD_4x20.X.debug.sym \
  --cmf=dist/default/debug\LCD_4x20.X.debug.cmf -z -Q18F26J50 \
  -oC:\Users\homer\AppData\Local\Temp\sdao.6 \
  -Mdist/default/debug/LCD_4x20.X.debug.map -E1 -ver=XC8 -ASTACK=0CAh-0ebfh \
  -pstack=STACK -ACODE=00h-0FFF7h -ACONST=00h-0FFF7h \
  -ASMALLCONST=0F00h-0FFFhx240,0FF00h-0FFF7h -AMEDIUMCONST=0F00h-0FFF7h \
  -ACOMRAM=01h-05Fh -AABS1=00h-0EBFh -ABIGRAM=01h-0EBFh \
  -ARAM=060h-0FFh,0100h-01FFhx13,0E00h-0EBFh -ABANK0=060h-0FFh \
  -ABANK1=0100h-01FFh -ABANK2=0200h-02FFh -ABANK3=0300h-03FFh \
  -ABANK4=0400h-04FFh -ABANK5=0500h-05FFh -ABANK6=0600h-06FFh \
  -ABANK7=0700h-07FFh -ABANK8=0800h-08FFh -ABANK9=0900h-09FFh \
  -ABANK10=0A00h-0AFFh -ABANK11=0B00h-0BFFh -ABANK12=0C00h-0CFFh \
  -ABANK13=0D00h-0DFFh -ABANK14=0E00h-0EBFh \
  -ASFR=0EC0h-0EFFh,0F00h-0F5Fh,0F60h-0FFFh \
  -preset_vec=00h,intcode,intcodelo,powerup,init,end_init -pramtop=0F00h \
  -psmallconst=SMALLCONST -pmediumconst=MEDIUMCONST -pconst=CONST \
  -AFARRAM=00h-00h -ACONFIG=0FFF8h-0FFFFh -pconfig=CONFIG \
  -pjflash_buffer=0F800h \
  -prdata=COMRAM,nvrram=COMRAM,nvbit=COMRAM,rbss=COMRAM,rbit=COMRAM \
  -pfarbss=FARRAM,fardata=FARRAM,nvFARRAM=FARRAM \
  -pintsave_regs=BIGRAM,bigbss=BIGRAM,bigdata=BIGRAM -pbss=RAM \
  -pidata=CODE,irdata=CODE,ibigdata=CODE,ifardata=CODE -prparam=COMRAM \
  C:\Users\homer\AppData\Local\Temp\sdao.obj \
  dist/default/debug\LCD_4x20.X.debug.obj 

Object code version is 3.11

Machine type is 18F26J50

Call graph: (short form)




                Name                               Link     Load   Length Selector   Space Scale
C:\Users\homer\AppData\Local\Temp\sdao.obj
                end_init                              0        0        4        0       0
                config                             FFF8     FFF8        8     FFF8       0
dist/default/debug\LCD_4x20.X.debug.obj
                mediumconst                        FECC     FECC      12C     7F66       0
                text24                             EEB4     EEB4      120     775A       0
                text23                             EC7C     EC7C      11A     763E       0
                text22                             E800     E800       5C     7400       0
                text21                             E766     E766       4C     73B3       0
                text20                             E6C6     E6C6       28     7363       0
                text19                             E6A4     E6A4       22     7352       0
                text18                             E652     E652        2     7329       0
                text17                             F8A8     F8A8      624     7C54       0
                text16                             E7B2     E7B2       4E     73D9       0
                text15                             ED96     ED96      11E     76CB       0
                text14                             EFD4     EFD4      128     77EA       0
                text13                             E9EE     E9EE       9C     74F7       0
                text12                             E654     E654       12     732A       0
                text11                             F236     F236      146     791B       0
                text10                             EB70     EB70      10C     75B8       0
                text9                              E958     E958       96     74AC       0
                text8                              F4D4     F4D4      196     7A6A       0
                text7                              E6EE     E6EE       3C     7377       0
                text6                              F37C     F37C      158     79BE       0
                text5                              E8CA     E8CA       8E     7465       0
                text4                              E85C     E85C       6E     742E       0
                text3                              F0FC     F0FC      13A     787E       0
                text2                              E684     E684       20     7342       0
                text1                              EA8A     EA8A       E6     7545       0
                text0                              F66A     F66A      23E     7B35       0
                cstackCOMRAM                          1        1       5A        1       1
                dataBANK0                            9F       9F       1E       60       1
                bssBANK0                             60       60       3F       60       1
                bssCOMRAM                            5B       5B        5        1       1
                cinit                              E72A     E72A       3C     7395       0
                nvBANK0                              BD       BD        D       60       1
                idataBANK0                         E666     E666       1E     E666       0

TOTAL           Name                               Link     Load   Length     Space
        CLASS   STACK          

        CLASS   CODE           
                end_init                              0        0        4         0
                text24                             EEB4     EEB4      120         0
                text23                             EC7C     EC7C      11A         0
                text22                             E800     E800       5C         0
                text21                             E766     E766       4C         0
                text20                             E6C6     E6C6       28         0
                text19                             E6A4     E6A4       22         0
                text18                             E652     E652        2         0
                text17                             F8A8     F8A8      624         0
                text16                             E7B2     E7B2       4E         0
                text15                             ED96     ED96      11E         0
                text14                             EFD4     EFD4      128         0
                text13                             E9EE     E9EE       9C         0
                text12                             E654     E654       12         0
                text11                             F236     F236      146         0
                text10                             EB70     EB70      10C         0
                text9                              E958     E958       96         0
                text8                              F4D4     F4D4      196         0
                text7                              E6EE     E6EE       3C         0
                text6                              F37C     F37C      158         0
                text5                              E8CA     E8CA       8E         0
                text4                              E85C     E85C       6E         0
                text3                              F0FC     F0FC      13A         0
                text2                              E684     E684       20         0
                text1                              EA8A     EA8A       E6         0
                text0                              F66A     F66A      23E         0
                cinit                              E72A     E72A       3C         0
                idataBANK0                         E666     E666       1E         0

        CLASS   CONST          

        CLASS   SMALLCONST     

        CLASS   MEDIUMCONST    
                mediumconst                        FECC     FECC      12C         0

        CLASS   COMRAM         
                cstackCOMRAM                          1        1       5A         1
                bssCOMRAM                            5B       5B        5         1

        CLASS   ABS1           

        CLASS   BIGRAM         

        CLASS   RAM            

        CLASS   BANK0          
                dataBANK0                            9F       9F       1E         1
                bssBANK0                             60       60       3F         1
                nvBANK0                              BD       BD        D         1

        CLASS   BANK1          

        CLASS   BANK2          

        CLASS   BANK3          

        CLASS   BANK4          

        CLASS   BANK5          

        CLASS   BANK6          

        CLASS   BANK7          

        CLASS   BANK8          

        CLASS   BANK9          

        CLASS   BANK10         

        CLASS   BANK11         

        CLASS   BANK12         

        CLASS   BANK13         

        CLASS   BANK14         

        CLASS   SFR            

        CLASS   FARRAM         

        CLASS   CONFIG         
                config                             FFF8     FFF8        8         0

        CLASS   IDLOC          



SEGMENTS        Name                           Load    Length   Top    Selector   Space  Class

                reset_vec                      000000  000004  000004         0       0  CODE    
                cstackCOMRAM                   000001  00005F  000060         1       1  COMRAM  
                bssBANK0                       000060  00006A  0000CA        60       1  BANK0   
                text18                         00E652  000002  00E654      7329       0  CODE    
                text12                         00E654  000012  00E666      732A       0  CODE    
                idataBANK0                     00E666  00001E  00E684      E666       0  CODE    
                text2                          00E684  000020  00E6A4      7342       0  CODE    
                text19                         00E6A4  000022  00E6C6      7352       0  CODE    
                text20                         00E6C6  000028  00E6EE      7363       0  CODE    
                text7                          00E6EE  00003C  00E72A      7377       0  CODE    
                cinit                          00E72A  00003C  00E766      7395       0  CODE    
                text21                         00E766  00004C  00E7B2      73B3       0  CODE    
                text16                         00E7B2  00004E  00E800      73D9       0  CODE    
                text22                         00E800  00005C  00E85C      7400       0  CODE    
                text4                          00E85C  00006E  00E8CA      742E       0  CODE    
                text5                          00E8CA  00008E  00E958      7465       0  CODE    
                text9                          00E958  000096  00E9EE      74AC       0  CODE    
                text13                         00E9EE  00009C  00EA8A      74F7       0  CODE    
                text1                          00EA8A  0000E6  00EB70      7545       0  CODE    
                text10                         00EB70  00010C  00EC7C      75B8       0  CODE    
                text23                         00EC7C  00011A  00ED96      763E       0  CODE    
                text15                         00ED96  00011E  00EEB4      76CB       0  CODE    
                text24                         00EEB4  000120  00EFD4      775A       0  CODE    
                text14                         00EFD4  000128  00F0FC      77EA       0  CODE    
                text3                          00F0FC  00013A  00F236      787E       0  CODE    
                text11                         00F236  000146  00F37C      791B       0  CODE    
                text6                          00F37C  000158  00F4D4      79BE       0  CODE    
                text8                          00F4D4  000196  00F66A      7A6A       0  CODE    
                text0                          00F66A  00023E  00F8A8      7B35       0  CODE    
                text17                         00F8A8  000624  00FECC      7C54       0  CODE    
                mediumconst                    00FECC  00012C  00FFF8      7F66       0  MEDIUMCO
                config                         00FFF8  000008  010000      FFF8       0  CONFIG  


UNUSED ADDRESS RANGES

        Name                Unused          Largest block    Delta
        BANK0            000CA-000FF              36
        BANK1            00100-001FF             100
        BANK10           00A00-00AFF             100
        BANK11           00B00-00BFF             100
        BANK12           00C00-00CFF             100
        BANK13           00D00-00DFF             100
        BANK14           00E00-00EBF              C0
        BANK2            00200-002FF             100
        BANK3            00300-003FF             100
        BANK4            00400-004FF             100
        BANK5            00500-005FF             100
        BANK6            00600-006FF             100
        BANK7            00700-007FF             100
        BANK8            00800-008FF             100
        BANK9            00900-009FF             100
        BIGRAM           000CA-00EBF             DF6
        CODE             00004-0E651            E64E
        CONST            00004-0E651            E64E
        MEDIUMCONST      00F00-0E651            D752
        RAM              000CA-00EBF             100
        SFR              00EC0-00FFF              60
        SMALLCONST       00F00-0E651             100
        STACK            000CA-00EBF             DF6

                                  Symbol Table

?_Convert_diasem            cstackCOMRAM  00033
?___awdiv                   cstackCOMRAM  00001
?___lwdiv                   cstackCOMRAM  00001
?___lwmod                   cstackCOMRAM  00008
?___wmul                    cstackCOMRAM  00001
?__doprnt                   cstackCOMRAM  0000D
?_printf                    cstackCOMRAM  00023
?_sprintf                   cstackCOMRAM  00023
Convert_diasem@buffer_dia   cstackCOMRAM  00037
Convert_diasem@dia          cstackCOMRAM  00033
Lcd_Chr_CP@data             cstackCOMRAM  00003
Lcd_Cmd@data                cstackCOMRAM  00003
Lcd_Init@data               cstackCOMRAM  00005
Lcd_Out@buffer              cstackCOMRAM  0004C
Lcd_Out@data                cstackCOMRAM  00050
Lcd_Out@x                   cstackCOMRAM  0004B
Lcd_Out@y                   cstackCOMRAM  0004F
ManejaMovimientos@anio_tr   cstackCOMRAM  00054
ManejaMovimientos@dia_tr    cstackCOMRAM  00055
ManejaMovimientos@diasem_tr cstackCOMRAM  00056
ManejaMovimientos@mes_tr    cstackCOMRAM  00057
ManejaMovimientos@posicion  cstackCOMRAM  00058
RtccReadDate@pDt            cstackCOMRAM  00001
RtccReadDate@rTD0           cstackCOMRAM  0000B
RtccReadDate@rTD1           cstackCOMRAM  00003
RtccReadTime@pTm            cstackCOMRAM  00001
RtccReadTime@rTD0           cstackCOMRAM  0000B
RtccReadTime@rTD1           cstackCOMRAM  00003
RtccWriteDate@di            cstackCOMRAM  00003
RtccWriteDate@pDt           cstackCOMRAM  00001
RtccWriteDate@tempDayMonth  cstackCOMRAM  0000A
RtccWriteDate@tempHourWDay  cstackCOMRAM  0000C
RtccWriteDate@tempYear      cstackCOMRAM  00007
RtccWriteDate@wasAlrm       cstackCOMRAM  00006
RtccWriteDate@wasOn         cstackCOMRAM  00005
RtccWriteDate@wasWrEn       cstackCOMRAM  00009
RtccWriteTime@di            cstackCOMRAM  00003
RtccWriteTime@pTm           cstackCOMRAM  00001
RtccWriteTime@tempHourWDay  cstackCOMRAM  0000A
RtccWriteTime@tempMinSec    cstackCOMRAM  00008
RtccWriteTime@wasAlrm       cstackCOMRAM  00006
RtccWriteTime@wasOn         cstackCOMRAM  00005
RtccWriteTime@wasWrEn       cstackCOMRAM  00007
V_Principal@cte             cstackCOMRAM  00051
_ADCON0                     (abs)         00FC2
_ADCON0bits                 (abs)         00FC2
_ADCON1                     (abs)         00FC1
_ADRESH                     (abs)         00FC4
_ALRMCFGbits                (abs)         00F91
_ANCON0                     (abs)         00F48
_ANCON1                     (abs)         00F49
_Convert_diasem             text15        0ED96
_CuentamSeg                 bssBANK0      00080
_EECON2                     (abs)         00FA7
_Flag_1                     bssBANK0      00081
_Grados                     dataBANK0     000AB
_INTCONbits                 (abs)         00FF2
_LATAbits                   (abs)         00F89
_LATBbits                   (abs)         00F8A
_Lcd_Chr_CP                 text14        0EFD4
_Lcd_Cmd                    text24        0EEB4
_Lcd_Init                   text23        0EC7C
_Lcd_Out                    text13        0E9EE
_ManejaMovimientos          text6         0F37C
_OSCCONbits                 (abs)         00FD3
_OSCTUNEbits                (abs)         00F9B
_PIE3bits                   (abs)         00FA3
_PORTAbits                  (abs)         00F80
_PORTCbits                  (abs)         00F82
_RTCCFG                     (abs)         00F3F
_RTCCFGbits                 (abs)         00F3F
_RTCVALH                    (abs)         00F99
_RTCVALL                    (abs)         00F98
_Read_RTC                   text3         0F0FC
_RtccAlrmTimeDate           bssBANK0      00060
_RtccDate                   bssCOMRAM     0005C
_RtccReadDate               text5         0E8CA
_RtccReadTime               text4         0E85C
_RtccTime                   bssBANK0      0009B
_RtccTimeDate               bssBANK0      00068
_RtccTimeVal                bssBANK0      00078
_RtccWrOn                   text12        0E654
_RtccWriteDate              text11        0F236
_RtccWriteTime              text10        0EB70
_Rtcc_read_TimeDate         bssBANK0      00070
_Sw_Center                  bssBANK0      00082
_Sw_Down                    bssBANK0      00083
_Sw_Left                    bssBANK0      00084
_Sw_Right                   bssBANK0      00085
_Sw_Up                      bssBANK0      00086
_T1CONbits                  (abs)         00FCD
_TRISA                      (abs)         00F92
_TRISB                      (abs)         00F93
_TRISBbits                  (abs)         00F93
_TRISC                      (abs)         00F94
_Temp_prog                  dataBANK0     000AE
_V_Principal                text1         0EA8A
_Write_RTC                  text8         0F4D4
__CFG_CP0$OFF               (abs)         00000
__CFG_CPUDIV$OSC1           (abs)         00000
__CFG_DSBOREN$OFF           (abs)         00000
__CFG_DSWDTEN$OFF           (abs)         00000
__CFG_DSWDTOSC$INTOSCREF    (abs)         00000
__CFG_DSWDTPS$G2            (abs)         00000
__CFG_FCMEN$OFF             (abs)         00000
__CFG_IESO$OFF              (abs)         00000
__CFG_IOL1WAY$OFF           (abs)         00000
__CFG_LPT1OSC$OFF           (abs)         00000
__CFG_MSSP7B_EN$MSK7        (abs)         00000
__CFG_OSC$INTOSC            (abs)         00000
__CFG_PLLDIV$1              (abs)         00000
__CFG_RTCOSC$T1OSCREF       (abs)         00000
__CFG_STVREN$ON             (abs)         00000
__CFG_T1DIG$ON              (abs)         00000
__CFG_WDTEN$OFF             (abs)         00000
__CFG_WDTPS$32768           (abs)         00000
__CFG_WPCFG$OFF             (abs)         00000
__CFG_WPDIS$OFF             (abs)         00000
__CFG_XINST$OFF             (abs)         00000
__HRAM                      (abs)         00000
__Habs1                     abs1          00000
__Hbank0                    bank0         00000
__Hbank1                    bank1         00000
__Hbank10                   bank10        00000
__Hbank11                   bank11        00000
__Hbank12                   bank12        00000
__Hbank13                   bank13        00000
__Hbank14                   bank14        00000
__Hbank2                    bank2         00000
__Hbank3                    bank3         00000
__Hbank4                    bank4         00000
__Hbank5                    bank5         00000
__Hbank6                    bank6         00000
__Hbank7                    bank7         00000
__Hbank8                    bank8         00000
__Hbank9                    bank9         00000
__Hbigbss                   bigbss        00000
__Hbigdata                  bigdata       00000
__Hbigram                   bigram        00000
__Hbss                      bss           00000
__HbssBANK0                 bssBANK0      00000
__HbssCOMRAM                bssCOMRAM     00000
__Hcinit                    cinit         00000
__Hclrtext                  clrtext       00000
__Hcomram                   comram        00000
__Hconfig                   config        10000
__Hconst                    const         00000
__HcstackCOMRAM             cstackCOMRAM  00000
__Hdata                     data          00000
__HdataBANK0                dataBANK0     00000
__Hend_init                 end_init      00004
__Hfarbss                   farbss        00000
__Hfardata                  fardata       00000
__Hibigdata                 ibigdata      00000
__Hidata                    idata         00000
__HidataBANK0               idataBANK0    00000
__Hidloc                    idloc         00000
__Hifardata                 ifardata      00000
__Hinit                     init          00000
__Hintcode                  intcode       00000
__Hintcode_body             intcode_body  00000
__Hintcodelo                intcodelo     00000
__Hintentry                 intentry      00000
__Hintret                   intret        00000
__Hintsave_regs             intsave_regs  00000
__Hirdata                   irdata        00000
__Hjflash_buffer            jflash_buffer 0F800
__Hmediumconst              mediumconst   0FFF8
__HnvBANK0                  nvBANK0       00000
__HnvFARRAM                 nvFARRAM      00000
__Hnvbit                    nvbit         00000
__Hnvrram                   nvrram        00000
__Hparam                    rparam        00000
__Hpowerup                  powerup       00000
__Hram                      ram           00000
__Hramtop                   ramtop        00F00
__Hrbit                     rbit          00000
__Hrbss                     rbss          00000
__Hrdata                    rdata         00000
__Hreset_vec                reset_vec     00000
__Hrparam                   rparam        00000
__Hsfr                      sfr           00000
__Hsmallconst               smallconst    00000
__Hspace_0                  (abs)         10000
__Hspace_1                  (abs)         000CA
__Hspace_2                  (abs)         00000
__Hstack                    stack         00000
__Hstruct                   struct        00000
__Htemp                     temp          00000
__Htext                     text          00000
__Htext0                    text0         00000
__Htext1                    text1         00000
__Htext10                   text10        00000
__Htext11                   text11        00000
__Htext12                   text12        00000
__Htext13                   text13        00000
__Htext14                   text14        00000
__Htext15                   text15        00000
__Htext16                   text16        00000
__Htext17                   text17        00000
__Htext18                   text18        00000
__Htext19                   text19        00000
__Htext2                    text2         00000
__Htext20                   text20        00000
__Htext21                   text21        00000
__Htext22                   text22        00000
__Htext23                   text23        00000
__Htext24                   text24        00000
__Htext25                   text25        00000
__Htext3                    text3         00000
__Htext4                    text4         00000
__Htext5                    text5         00000
__Htext6                    text6         00000
__Htext7                    text7         00000
__Htext8                    text8         00000
__Htext9                    text9         00000
__LRAM                      (abs)         00001
__Labs1                     abs1          00000
__Lbank0                    bank0         00000
__Lbank1                    bank1         00000
__Lbank10                   bank10        00000
__Lbank11                   bank11        00000
__Lbank12                   bank12        00000
__Lbank13                   bank13        00000
__Lbank14                   bank14        00000
__Lbank2                    bank2         00000
__Lbank3                    bank3         00000
__Lbank4                    bank4         00000
__Lbank5                    bank5         00000
__Lbank6                    bank6         00000
__Lbank7                    bank7         00000
__Lbank8                    bank8         00000
__Lbank9                    bank9         00000
__Lbigbss                   bigbss        00000
__Lbigdata                  bigdata       00000
__Lbigram                   bigram        00000
__Lbss                      bss           00000
__LbssBANK0                 bssBANK0      00000
__LbssCOMRAM                bssCOMRAM     00000
__Lcinit                    cinit         00000
__Lclrtext                  clrtext       00000
__Lcomram                   comram        00000
__Lconfig                   config        0FFF8
__Lconst                    const         00000
__LcstackCOMRAM             cstackCOMRAM  00000
__Ldata                     data          00000
__LdataBANK0                dataBANK0     00000
__Lend_init                 end_init      00000
__Lfarbss                   farbss        00000
__Lfardata                  fardata       00000
__Libigdata                 ibigdata      00000
__Lidata                    idata         00000
__LidataBANK0               idataBANK0    00000
__Lidloc                    idloc         00000
__Lifardata                 ifardata      00000
__Linit                     init          00000
__Lintcode                  intcode       00000
__Lintcode_body             intcode_body  00000
__Lintcodelo                intcodelo     00000
__Lintentry                 intentry      00000
__Lintret                   intret        00000
__Lintsave_regs             intsave_regs  00000
__Lirdata                   irdata        00000
__Ljflash_buffer            jflash_buffer 0F800
__Lmediumconst              mediumconst   0FECC
__LnvBANK0                  nvBANK0       00000
__LnvFARRAM                 nvFARRAM      00000
__Lnvbit                    nvbit         00000
__Lnvrram                   nvrram        00000
__Lparam                    rparam        00000
__Lpowerup                  powerup       00000
__Lram                      ram           00000
__Lramtop                   ramtop        00F00
__Lrbit                     rbit          00000
__Lrbss                     rbss          00000
__Lrdata                    rdata         00000
__Lreset_vec                reset_vec     00000
__Lrparam                   rparam        00000
__Lsfr                      sfr           00000
__Lsmallconst               smallconst    00000
__Lspace_0                  (abs)         00000
__Lspace_1                  (abs)         00000
__Lspace_2                  (abs)         00000
__Lstack                    stack         00000
__Lstruct                   struct        00000
__Ltemp                     temp          00000
__Ltext                     text          00000
__Ltext0                    text0         00000
__Ltext1                    text1         00000
__Ltext10                   text10        00000
__Ltext11                   text11        00000
__Ltext12                   text12        00000
__Ltext13                   text13        00000
__Ltext14                   text14        00000
__Ltext15                   text15        00000
__Ltext16                   text16        00000
__Ltext17                   text17        00000
__Ltext18                   text18        00000
__Ltext19                   text19        00000
__Ltext2                    text2         00000
__Ltext20                   text20        00000
__Ltext21                   text21        00000
__Ltext22                   text22        00000
__Ltext23                   text23        00000
__Ltext24                   text24        00000
__Ltext25                   text25        00000
__Ltext3                    text3         00000
__Ltext4                    text4         00000
__Ltext5                    text5         00000
__Ltext6                    text6         00000
__Ltext7                    text7         00000
__Ltext8                    text8         00000
__Ltext9                    text9         00000
__S0                        (abs)         10000
__S1                        (abs)         000CA
__S2                        (abs)         00000
___awdiv                    text9         0E958
___awdiv@counter            cstackCOMRAM  00005
___awdiv@dividend           cstackCOMRAM  00001
___awdiv@divisor            cstackCOMRAM  00003
___awdiv@quotient           cstackCOMRAM  00007
___awdiv@sign               cstackCOMRAM  00006
___inthi_sp                 stack         00000
___intlo_sp                 stack         00000
___lwdiv                    text22        0E800
___lwdiv@counter            cstackCOMRAM  00007
___lwdiv@dividend           cstackCOMRAM  00001
___lwdiv@divisor            cstackCOMRAM  00003
___lwdiv@quotient           cstackCOMRAM  00005
___lwmod                    text21        0E766
___lwmod@counter            cstackCOMRAM  0000C
___lwmod@dividend           cstackCOMRAM  00008
___lwmod@divisor            cstackCOMRAM  0000A
___param_bank               (abs)         00010
___rparam_used              (abs)         00001
___sp                       stack         00000
___wmul                     text20        0E6C6
___wmul@multiplicand        cstackCOMRAM  00003
___wmul@multiplier          cstackCOMRAM  00001
___wmul@product             cstackCOMRAM  00005
__accesstop                 (abs)         00060
__activetblptr              (abs)         00003
__doprnt                    text17        0F8A8
__doprnt@ap                 cstackCOMRAM  00012
__doprnt@c                  cstackCOMRAM  00022
__doprnt@cp                 cstackCOMRAM  0001E
__doprnt@f                  cstackCOMRAM  0000F
__doprnt@flag               cstackCOMRAM  00018
__doprnt@len                cstackCOMRAM  0001C
__doprnt@pb                 cstackCOMRAM  0000D
__doprnt@prec               cstackCOMRAM  0001B
__doprnt@val                cstackCOMRAM  00019
__doprnt@width              cstackCOMRAM  00020
__end_of_Convert_diasem     text15        0EEB4
__end_of_Lcd_Chr_CP         text14        0F0FC
__end_of_Lcd_Cmd            text24        0EFD4
__end_of_Lcd_Init           text23        0ED96
__end_of_Lcd_Out            text13        0EA8A
__end_of_ManejaMovimientos  text6         0F4D4
__end_of_Read_RTC           text3         0F236
__end_of_RtccReadDate       text5         0E958
__end_of_RtccReadTime       text4         0E8CA
__end_of_RtccWrOn           text12        0E666
__end_of_RtccWriteDate      text11        0F37C
__end_of_RtccWriteTime      text10        0EC7C
__end_of_V_Principal        text1         0EB70
__end_of_Write_RTC          text8         0F66A
__end_of___awdiv            text9         0E9EE
__end_of___lwdiv            text22        0E85C
__end_of___lwmod            text21        0E7B2
__end_of___wmul             text20        0E6EE
__end_of__doprnt            text17        0FECC
__end_of__initialization    cinit         0E760
__end_of_dpowers            mediumconst   0FED7
__end_of_isdigit            text19        0E6C6
__end_of_lee_temperatura    text2         0E6A4
__end_of_main               text0         0F8A8
__end_of_printf             text7         0E72A
__end_of_putch              text18        0E654
__end_of_sprintf            text16        0E800
__initialization            cinit         0E72A
__mediumconst               mediumconst   0FECC
__pbssBANK0                 bssBANK0      00060
__pbssCOMRAM                bssCOMRAM     0005B
__pcinit                    cinit         0E72A
__pcstackCOMRAM             cstackCOMRAM  00001
__pdataBANK0                dataBANK0     0009F
__pidataBANK0               idataBANK0    0E666
__pmediumconst              mediumconst   0FECC
__pnvBANK0                  nvBANK0       000BD
__ptext0                    text0         0F66A
__ptext1                    text1         0EA8A
__ptext10                   text10        0EB70
__ptext11                   text11        0F236
__ptext12                   text12        0E654
__ptext13                   text13        0E9EE
__ptext14                   text14        0EFD4
__ptext15                   text15        0ED96
__ptext16                   text16        0E7B2
__ptext17                   text17        0F8A8
__ptext18                   text18        0E652
__ptext19                   text19        0E6A4
__ptext2                    text2         0E684
__ptext20                   text20        0E6C6
__ptext21                   text21        0E766
__ptext22                   text22        0E800
__ptext23                   text23        0EC7C
__ptext24                   text24        0EEB4
__ptext25                   text25        00000
__ptext3                    text3         0F0FC
__ptext4                    text4         0E85C
__ptext5                    text5         0E8CA
__ptext6                    text6         0F37C
__ptext7                    text7         0E6EE
__ptext8                    text8         0F4D4
__ptext9                    text9         0E958
__ramtop                    ramtop        00F00
__size_of_Convert_diasem    (abs)         00000
__size_of_Lcd_Chr_CP        (abs)         00000
__size_of_Lcd_Cmd           (abs)         00000
__size_of_Lcd_Init          (abs)         00000
__size_of_Lcd_Out           (abs)         00000
__size_of_ManejaMovimientos (abs)         00000
__size_of_Read_RTC          (abs)         00000
__size_of_RtccReadDate      (abs)         00000
__size_of_RtccReadTime      (abs)         00000
__size_of_RtccWrOn          (abs)         00000
__size_of_RtccWriteDate     (abs)         00000
__size_of_RtccWriteTime     (abs)         00000
__size_of_V_Principal       (abs)         00000
__size_of_Write_RTC         (abs)         00000
__size_of___awdiv           (abs)         00000
__size_of___lwdiv           (abs)         00000
__size_of___lwmod           (abs)         00000
__size_of___wmul            (abs)         00000
__size_of__doprnt           (abs)         00000
__size_of_isdigit           (abs)         00000
__size_of_lee_temperatura   (abs)         00000
__size_of_main              (abs)         00000
__size_of_printf            (abs)         00000
__size_of_putch             (abs)         00000
__size_of_sprintf           (abs)         00000
__smallconst                smallconst    00000
_anio                       dataBANK0     000B1
_anio_d                     nvBANK0       000BD
_anio_u                     nvBANK0       000BE
_buffer1                    bssBANK0      00087
_dia                        dataBANK0     000B3
_dia_semana                 nvBANK0       000BF
_diasem                     dataBANK0     000B5
_dpowers                    mediumconst   0FECD
_fecha_d                    nvBANK0       000C0
_fecha_u                    nvBANK0       000C1
_hora                       dataBANK0     000B7
_hora_d                     nvBANK0       000C2
_hora_u                     nvBANK0       000C3
_i                          bssBANK0      0007C
_isdigit                    text19        0E6A4
_isdigit$2087               cstackCOMRAM  00002
_lectura                    bssCOMRAM     0005B
_lee_temperatura            text2         0E684
_main                       text0         0F66A
_mes                        dataBANK0     000B9
_mes_d                      nvBANK0       000C4
_mes_u                      nvBANK0       000C5
_minuto                     dataBANK0     000BB
_minuto_d                   nvBANK0       000C6
_minuto_u                   nvBANK0       000C7
_posicionesLeft             dataBANK0     0009F
_printf                     text7         0E6EE
_putch                      text18        0E652
_segundo                    bssBANK0      0007E
_segundo_d                  nvBANK0       000C8
_segundo_u                  nvBANK0       000C9
_sprintf                    text16        0E7B2
end_of_initialization       cinit         0E760
intlevel0                   text          00000
intlevel1                   text          00000
intlevel2                   text          00000
intlevel3                   text          00000
isdigit@c                   cstackCOMRAM  00003
printf@ap                   cstackCOMRAM  00026
printf@f                    cstackCOMRAM  00023
printf@pb                   cstackCOMRAM  00028
sprintf@ap                  cstackCOMRAM  0002D
sprintf@f                   cstackCOMRAM  00025
sprintf@pb                  cstackCOMRAM  0002F
sprintf@wh                  cstackCOMRAM  00023
stackhi                     (abs)         00EBF
stacklo                     (abs)         000CA
start                       init          00000
start_initialization        cinit         0E72A


FUNCTION INFORMATION:

 *************** function _main *****************
 Defined at:
		line 129 in file "../main.c"
 Parameters:    Size  Location     Type
		None
 Auto vars:     Size  Location     Type
		None
 Return value:  Size  Location     Type
		None               void
 Registers used:
		wreg, fsr0l, fsr0h, fsr2l, fsr2h, status,2, status,0, pclat, tosl, tblptrl, tblptrh, tblptru, prodl, prodh, cstack
 Tracked objects:
		On entry : 
		On exit  : 
		Unchanged: 
 Data sizes:     COMRAM   BANK0   BANK1   BANK2   BANK3   BANK4   BANK5   BANK6   BANK7   BANK8   BANK9  BANK10  BANK11  BANK12  BANK13  BANK14
      Params:         0       0       0       0       0       0       0       0       0       0       0       0       0       0       0       0
      Locals:         0       0       0       0       0       0       0       0       0       0       0       0       0       0       0       0
      Temps:          1       0       0       0       0       0       0       0       0       0       0       0       0       0       0       0
      Totals:         1       0       0       0       0       0       0       0       0       0       0       0       0       0       0       0
Total ram usage:        1 bytes
 Hardware stack levels required when called:    5
 This function calls:
		_Lcd_Cmd
		_Lcd_Init
		_Lcd_Out
		_ManejaMovimientos
		_V_Principal
		_Write_RTC
		_sprintf
 This function is called by:
		Startup code after reset
 This function uses a non-reentrant model


 *************** function _V_Principal *****************
 Defined at:
		line 219 in file "../main.c"
 Parameters:    Size  Location     Type
		None
 Auto vars:     Size  Location     Type
  cte             2   80[COMRAM] PTR unsigned char 
		 -> Convert_diasem@buffer_dia(20), 
 Return value:  Size  Location     Type
		None               void
 Registers used:
		wreg, fsr0l, fsr0h, fsr2l, fsr2h, status,2, status,0, pclat, tosl, tblptrl, tblptrh, tblptru, prodl, prodh, cstack
 Tracked objects:
		On entry : 
		On exit  : 
		Unchanged: 
 Data sizes:     COMRAM   BANK0   BANK1   BANK2   BANK3   BANK4   BANK5   BANK6   BANK7   BANK8   BANK9  BANK10  BANK11  BANK12  BANK13  BANK14
      Params:         0       0       0       0       0       0       0       0       0       0       0       0       0       0       0       0
      Locals:         2       0       0       0       0       0       0       0       0       0       0       0       0       0       0       0
      Temps:          0       0       0       0       0       0       0       0       0       0       0       0       0       0       0       0
      Totals:         2       0       0       0       0       0       0       0       0       0       0       0       0       0       0       0
Total ram usage:        2 bytes
 Hardware stack levels used:    1
 Hardware stack levels required when called:    4
 This function calls:
		_Convert_diasem
		_Lcd_Out
		_Read_RTC
		_lee_temperatura
		_sprintf
 This function is called by:
		_main
 This function uses a non-reentrant model


 *************** function _lee_temperatura *****************
 Defined at:
		line 323 in file "../main.c"
 Parameters:    Size  Location     Type
		None
 Auto vars:     Size  Location     Type
		None
 Return value:  Size  Location     Type
		None               void
 Registers used:
		wreg
 Tracked objects:
		On entry : 
		On exit  : 
		Unchanged: 
 Data sizes:     COMRAM   BANK0   BANK1   BANK2   BANK3   BANK4   BANK5   BANK6   BANK7   BANK8   BANK9  BANK10  BANK11  BANK12  BANK13  BANK14
      Params:         0       0       0       0       0       0       0       0       0       0       0       0       0       0       0       0
      Locals:         0       0       0       0       0       0       0       0       0       0       0       0       0       0       0       0
      Temps:          1       0       0       0       0       0       0       0       0       0       0       0       0       0       0       0
      Totals:         1       0       0       0       0       0       0       0       0       0       0       0       0       0       0       0
Total ram usage:        1 bytes
 Hardware stack levels used:    1
 This function calls:
		Nothing
 This function is called by:
		_V_Principal
 This function uses a non-reentrant model


 *************** function _Read_RTC *****************
 Defined at:
		line 290 in file "../main.c"
 Parameters:    Size  Location     Type
		None
 Auto vars:     Size  Location     Type
		None
 Return value:  Size  Location     Type
		None               void
 Registers used:
		wreg, fsr2l, fsr2h, status,2, status,0, prodl, prodh, cstack
 Tracked objects:
		On entry : 
		On exit  : 
		Unchanged: 
 Data sizes:     COMRAM   BANK0   BANK1   BANK2   BANK3   BANK4   BANK5   BANK6   BANK7   BANK8   BANK9  BANK10  BANK11  BANK12  BANK13  BANK14
      Params:         0       0       0       0       0       0       0       0       0       0       0       0       0       0       0       0
      Locals:         0       0       0       0       0       0       0       0       0       0       0       0       0       0       0       0
      Temps:          0       0       0       0       0       0       0       0       0       0       0       0       0       0       0       0
      Totals:         0       0       0       0       0       0       0       0       0       0       0       0       0       0       0       0
Total ram usage:        0 bytes
 Hardware stack levels used:    1
 Hardware stack levels required when called:    1
 This function calls:
		_RtccReadDate
		_RtccReadTime
 This function is called by:
		_V_Principal
 This function uses a non-reentrant model


 *************** function _RtccReadTime *****************
 Defined at:
		line 23 in file "C:\Program Files (x86)\Microchip\xc8\v1.34\sources\pic18\plib\rtcc\RtccReadTime.c"
 Parameters:    Size  Location     Type
  pTm             2    0[COMRAM] PTR struct .
		 -> RtccTime(4), 
 Auto vars:     Size  Location     Type
  rTD0            8   10[COMRAM] struct .
  rTD1            8    2[COMRAM] struct .
 Return value:  Size  Location     Type
		None               void
 Registers used:
		wreg, fsr2l, fsr2h, status,2, status,0
 Tracked objects:
		On entry : 
		On exit  : 
		Unchanged: 
 Data sizes:     COMRAM   BANK0   BANK1   BANK2   BANK3   BANK4   BANK5   BANK6   BANK7   BANK8   BANK9  BANK10  BANK11  BANK12  BANK13  BANK14
      Params:         2       0       0       0       0       0       0       0       0       0       0       0       0       0       0       0
      Locals:        16       0       0       0       0       0       0       0       0       0       0       0       0       0       0       0
      Temps:          0       0       0       0       0       0       0       0       0       0       0       0       0       0       0       0
      Totals:        18       0       0       0       0       0       0       0       0       0       0       0       0       0       0       0
Total ram usage:       18 bytes
 Hardware stack levels used:    1
 This function calls:
		Nothing
 This function is called by:
		_Read_RTC
 This function uses a non-reentrant model


 *************** function _RtccReadDate *****************
 Defined at:
		line 23 in file "C:\Program Files (x86)\Microchip\xc8\v1.34\sources\pic18\plib\rtcc\RtccReadDate.c"
 Parameters:    Size  Location     Type
  pDt             2    0[COMRAM] PTR struct .
		 -> RtccDate(4), 
 Auto vars:     Size  Location     Type
  rTD0            8   10[COMRAM] struct .
  rTD1            8    2[COMRAM] struct .
 Return value:  Size  Location     Type
		None               void
 Registers used:
		wreg, fsr2l, fsr2h, status,2, status,0
 Tracked objects:
		On entry : 
		On exit  : 
		Unchanged: 
 Data sizes:     COMRAM   BANK0   BANK1   BANK2   BANK3   BANK4   BANK5   BANK6   BANK7   BANK8   BANK9  BANK10  BANK11  BANK12  BANK13  BANK14
      Params:         2       0       0       0       0       0       0       0       0       0       0       0       0       0       0       0
      Locals:        16       0       0       0       0       0       0       0       0       0       0       0       0       0       0       0
      Temps:          0       0       0       0       0       0       0       0       0       0       0       0       0       0       0       0
      Totals:        18       0       0       0       0       0       0       0       0       0       0       0       0       0       0       0
Total ram usage:       18 bytes
 Hardware stack levels used:    1
 This function calls:
		Nothing
 This function is called by:
		_Read_RTC
 This function uses a non-reentrant model


 *************** function _ManejaMovimientos *****************
 Defined at:
		line 377 in file "../main.c"
 Parameters:    Size  Location     Type
		None
 Auto vars:     Size  Location     Type
  posicion        2   87[COMRAM] int 
  mes_tr          1   86[COMRAM] unsigned char 
  diasem_tr       1   85[COMRAM] unsigned char 
  dia_tr          1   84[COMRAM] unsigned char 
  anio_tr         1   83[COMRAM] unsigned char 
 Return value:  Size  Location     Type
		None               void
 Registers used:
		wreg, fsr0l, fsr0h, fsr2l, fsr2h, status,2, status,0, pclat, tosl, tblptrl, tblptrh, tblptru, prodl, prodh, cstack
 Tracked objects:
		On entry : 
		On exit  : 
		Unchanged: 
 Data sizes:     COMRAM   BANK0   BANK1   BANK2   BANK3   BANK4   BANK5   BANK6   BANK7   BANK8   BANK9  BANK10  BANK11  BANK12  BANK13  BANK14
      Params:         0       0       0       0       0       0       0       0       0       0       0       0       0       0       0       0
      Locals:         6       0       0       0       0       0       0       0       0       0       0       0       0       0       0       0
      Temps:          3       0       0       0       0       0       0       0       0       0       0       0       0       0       0       0
      Totals:         9       0       0       0       0       0       0       0       0       0       0       0       0       0       0       0
Total ram usage:        9 bytes
 Hardware stack levels used:    1
 Hardware stack levels required when called:    4
 This function calls:
		_Convert_diasem
		_Lcd_Out
		_Write_RTC
		_printf
 This function is called by:
		_main
 This function uses a non-reentrant model


 *************** function _printf *****************
 Defined at:
		line 13 in file "C:\Program Files (x86)\Microchip\xc8\v1.34\sources\common\printf.c"
 Parameters:    Size  Location     Type
  f               3   34[COMRAM] PTR const unsigned char 
		 -> ROM(65527), 
 Auto vars:     Size  Location     Type
  pb              4   39[COMRAM] struct __prbuf
  ap              2   37[COMRAM] PTR void [1]
		 -> ?_sprintf(2), ?_printf(2), 
 Return value:  Size  Location     Type
                  2   34[COMRAM] int 
 Registers used:
		wreg, fsr0l, fsr0h, fsr2l, fsr2h, status,2, status,0, pclat, tosl, tblptrl, tblptrh, tblptru, prodl, prodh, cstack
 Tracked objects:
		On entry : 
		On exit  : 
		Unchanged: 
 Data sizes:     COMRAM   BANK0   BANK1   BANK2   BANK3   BANK4   BANK5   BANK6   BANK7   BANK8   BANK9  BANK10  BANK11  BANK12  BANK13  BANK14
      Params:         3       0       0       0       0       0       0       0       0       0       0       0       0       0       0       0
      Locals:         6       0       0       0       0       0       0       0       0       0       0       0       0       0       0       0
      Temps:          0       0       0       0       0       0       0       0       0       0       0       0       0       0       0       0
      Totals:         9       0       0       0       0       0       0       0       0       0       0       0       0       0       0       0
Total ram usage:        9 bytes
 Hardware stack levels used:    1
 Hardware stack levels required when called:    2
 This function calls:
		__doprnt
 This function is called by:
		_ManejaMovimientos
 This function uses a non-reentrant model


 *************** function _Write_RTC *****************
 Defined at:
		line 252 in file "../main.c"
 Parameters:    Size  Location     Type
		None
 Auto vars:     Size  Location     Type
		None
 Return value:  Size  Location     Type
		None               void
 Registers used:
		wreg, fsr2l, fsr2h, status,2, status,0, prodl, prodh, cstack
 Tracked objects:
		On entry : 
		On exit  : 
		Unchanged: 
 Data sizes:     COMRAM   BANK0   BANK1   BANK2   BANK3   BANK4   BANK5   BANK6   BANK7   BANK8   BANK9  BANK10  BANK11  BANK12  BANK13  BANK14
      Params:         0       0       0       0       0       0       0       0       0       0       0       0       0       0       0       0
      Locals:         0       0       0       0       0       0       0       0       0       0       0       0       0       0       0       0
      Temps:          0       0       0       0       0       0       0       0       0       0       0       0       0       0       0       0
      Totals:         0       0       0       0       0       0       0       0       0       0       0       0       0       0       0       0
Total ram usage:        0 bytes
 Hardware stack levels used:    1
 Hardware stack levels required when called:    2
 This function calls:
		_RtccWrOn
		_RtccWriteDate
		_RtccWriteTime
		___awdiv
 This function is called by:
		_main
		_ManejaMovimientos
 This function uses a non-reentrant model


 *************** function ___awdiv *****************
 Defined at:
		line 8 in file "C:\Program Files (x86)\Microchip\xc8\v1.34\sources\common\awdiv.c"
 Parameters:    Size  Location     Type
  dividend        2    0[COMRAM] int 
  divisor         2    2[COMRAM] int 
 Auto vars:     Size  Location     Type
  quotient        2    6[COMRAM] int 
  sign            1    5[COMRAM] unsigned char 
  counter         1    4[COMRAM] unsigned char 
 Return value:  Size  Location     Type
                  2    0[COMRAM] int 
 Registers used:
		wreg, status,2, status,0
 Tracked objects:
		On entry : 
		On exit  : 
		Unchanged: 
 Data sizes:     COMRAM   BANK0   BANK1   BANK2   BANK3   BANK4   BANK5   BANK6   BANK7   BANK8   BANK9  BANK10  BANK11  BANK12  BANK13  BANK14
      Params:         4       0       0       0       0       0       0       0       0       0       0       0       0       0       0       0
      Locals:         4       0       0       0       0       0       0       0       0       0       0       0       0       0       0       0
      Temps:          0       0       0       0       0       0       0       0       0       0       0       0       0       0       0       0
      Totals:         8       0       0       0       0       0       0       0       0       0       0       0       0       0       0       0
Total ram usage:        8 bytes
 Hardware stack levels used:    1
 This function calls:
		Nothing
 This function is called by:
		_Write_RTC
 This function uses a non-reentrant model


 *************** function _RtccWriteTime *****************
 Defined at:
		line 34 in file "C:\Program Files (x86)\Microchip\xc8\v1.34\sources\pic18\plib\rtcc\RtccWriteTime.c"
 Parameters:    Size  Location     Type
  pTm             2    0[COMRAM] PTR const struct .
		 -> RtccTime(4), 
  di              1    2[COMRAM] enum E7121
 Auto vars:     Size  Location     Type
  tempHourWDay    2    9[COMRAM] struct .
  tempMinSec      2    7[COMRAM] struct .
  wasWrEn         1    6[COMRAM] enum E7121
  wasAlrm         1    5[COMRAM] enum E7121
  wasOn           1    4[COMRAM] enum E7121
 Return value:  Size  Location     Type
                  1    wreg      enum E7337
 Registers used:
		wreg, fsr2l, fsr2h, status,2, status,0, cstack
 Tracked objects:
		On entry : 
		On exit  : 
		Unchanged: 
 Data sizes:     COMRAM   BANK0   BANK1   BANK2   BANK3   BANK4   BANK5   BANK6   BANK7   BANK8   BANK9  BANK10  BANK11  BANK12  BANK13  BANK14
      Params:         3       0       0       0       0       0       0       0       0       0       0       0       0       0       0       0
      Locals:         7       0       0       0       0       0       0       0       0       0       0       0       0       0       0       0
      Temps:          1       0       0       0       0       0       0       0       0       0       0       0       0       0       0       0
      Totals:        11       0       0       0       0       0       0       0       0       0       0       0       0       0       0       0
Total ram usage:       11 bytes
 Hardware stack levels used:    1
 Hardware stack levels required when called:    1
 This function calls:
		_RtccWrOn
 This function is called by:
		_Write_RTC
 This function uses a non-reentrant model


 *************** function _RtccWriteDate *****************
 Defined at:
		line 35 in file "C:\Program Files (x86)\Microchip\xc8\v1.34\sources\pic18\plib\rtcc\RtccWriteDate.c"
 Parameters:    Size  Location     Type
  pDt             2    0[COMRAM] PTR const struct .
		 -> RtccDate(4), 
  di              1    2[COMRAM] enum E7121
 Auto vars:     Size  Location     Type
  tempHourWDay    2   11[COMRAM] struct .
  tempDayMonth    2    9[COMRAM] struct .
  tempYear        2    6[COMRAM] struct .
  wasWrEn         1    8[COMRAM] enum E7121
  wasAlrm         1    5[COMRAM] enum E7121
  wasOn           1    4[COMRAM] enum E7121
 Return value:  Size  Location     Type
                  1    wreg      enum E7337
 Registers used:
		wreg, fsr2l, fsr2h, status,2, status,0, cstack
 Tracked objects:
		On entry : 
		On exit  : 
		Unchanged: 
 Data sizes:     COMRAM   BANK0   BANK1   BANK2   BANK3   BANK4   BANK5   BANK6   BANK7   BANK8   BANK9  BANK10  BANK11  BANK12  BANK13  BANK14
      Params:         3       0       0       0       0       0       0       0       0       0       0       0       0       0       0       0
      Locals:         9       0       0       0       0       0       0       0       0       0       0       0       0       0       0       0
      Temps:          1       0       0       0       0       0       0       0       0       0       0       0       0       0       0       0
      Totals:        13       0       0       0       0       0       0       0       0       0       0       0       0       0       0       0
Total ram usage:       13 bytes
 Hardware stack levels used:    1
 Hardware stack levels required when called:    1
 This function calls:
		_RtccWrOn
 This function is called by:
		_Write_RTC
 This function uses a non-reentrant model


 *************** function _RtccWrOn *****************
 Defined at:
		line 21 in file "C:\Program Files (x86)\Microchip\xc8\v1.34\sources\pic18\plib\rtcc\RtccWrOn.c"
 Parameters:    Size  Location     Type
		None
 Auto vars:     Size  Location     Type
  data            2    0        unsigned int 
 Return value:  Size  Location     Type
		None               void
 Registers used:
		wreg, status,2
 Tracked objects:
		On entry : 
		On exit  : 
		Unchanged: 
 Data sizes:     COMRAM   BANK0   BANK1   BANK2   BANK3   BANK4   BANK5   BANK6   BANK7   BANK8   BANK9  BANK10  BANK11  BANK12  BANK13  BANK14
      Params:         0       0       0       0       0       0       0       0       0       0       0       0       0       0       0       0
      Locals:         0       0       0       0       0       0       0       0       0       0       0       0       0       0       0       0
      Temps:          0       0       0       0       0       0       0       0       0       0       0       0       0       0       0       0
      Totals:         0       0       0       0       0       0       0       0       0       0       0       0       0       0       0       0
Total ram usage:        0 bytes
 Hardware stack levels used:    1
 This function calls:
		Nothing
 This function is called by:
		_Write_RTC
		_RtccWriteDate
		_RtccWriteTime
 This function uses a non-reentrant model


 *************** function _Lcd_Out *****************
 Defined at:
		line 84 in file "../lcd.h"
 Parameters:    Size  Location     Type
  y               1    wreg     unsigned char 
  x               1   74[COMRAM] unsigned char 
  buffer          3   75[COMRAM] PTR const unsigned char 
		 -> ROM(65527), Convert_diasem@buffer_dia(20), STR_6(21), STR_5(20), 
		 -> STR_4(18), STR_3(19), buffer1(20), STR_1(18), 
 Auto vars:     Size  Location     Type
  y               1   78[COMRAM] unsigned char 
  data            1   79[COMRAM] unsigned char 
 Return value:  Size  Location     Type
		None               void
 Registers used:
		wreg, fsr0l, fsr0h, status,2, status,0, tblptrl, tblptrh, tblptru, cstack
 Tracked objects:
		On entry : 
		On exit  : 
		Unchanged: 
 Data sizes:     COMRAM   BANK0   BANK1   BANK2   BANK3   BANK4   BANK5   BANK6   BANK7   BANK8   BANK9  BANK10  BANK11  BANK12  BANK13  BANK14
      Params:         4       0       0       0       0       0       0       0       0       0       0       0       0       0       0       0
      Locals:         2       0       0       0       0       0       0       0       0       0       0       0       0       0       0       0
      Temps:          0       0       0       0       0       0       0       0       0       0       0       0       0       0       0       0
      Totals:         6       0       0       0       0       0       0       0       0       0       0       0       0       0       0       0
Total ram usage:        6 bytes
 Hardware stack levels used:    1
 Hardware stack levels required when called:    1
 This function calls:
		_Lcd_Chr_CP
		_Lcd_Cmd
 This function is called by:
		_main
		_V_Principal
		_ManejaMovimientos
 This function uses a non-reentrant model


 *************** function _Lcd_Chr_CP *****************
 Defined at:
		line 126 in file "../lcd.h"
 Parameters:    Size  Location     Type
  data            1    wreg     unsigned char 
 Auto vars:     Size  Location     Type
  data            1    2[COMRAM] unsigned char 
 Return value:  Size  Location     Type
		None               void
 Registers used:
		wreg, status,2, status,0
 Tracked objects:
		On entry : 
		On exit  : 
		Unchanged: 
 Data sizes:     COMRAM   BANK0   BANK1   BANK2   BANK3   BANK4   BANK5   BANK6   BANK7   BANK8   BANK9  BANK10  BANK11  BANK12  BANK13  BANK14
      Params:         0       0       0       0       0       0       0       0       0       0       0       0       0       0       0       0
      Locals:         1       0       0       0       0       0       0       0       0       0       0       0       0       0       0       0
      Temps:          2       0       0       0       0       0       0       0       0       0       0       0       0       0       0       0
      Totals:         3       0       0       0       0       0       0       0       0       0       0       0       0       0       0       0
Total ram usage:        3 bytes
 Hardware stack levels used:    1
 This function calls:
		Nothing
 This function is called by:
		_Lcd_Out
		_Lcd_Out2
 This function uses a non-reentrant model


 *************** function _Convert_diasem *****************
 Defined at:
		line 340 in file "../main.c"
 Parameters:    Size  Location     Type
  dia             2   50[COMRAM] int 
 Auto vars:     Size  Location     Type
  buffer_dia     20   54[COMRAM] unsigned char [20]
 Return value:  Size  Location     Type
                  2   50[COMRAM] PTR unsigned char 
 Registers used:
		wreg, fsr0l, fsr0h, fsr2l, fsr2h, status,2, status,0, pclat, tosl, tblptrl, tblptrh, tblptru, prodl, prodh, cstack
 Tracked objects:
		On entry : 
		On exit  : 
		Unchanged: 
 Data sizes:     COMRAM   BANK0   BANK1   BANK2   BANK3   BANK4   BANK5   BANK6   BANK7   BANK8   BANK9  BANK10  BANK11  BANK12  BANK13  BANK14
      Params:         2       0       0       0       0       0       0       0       0       0       0       0       0       0       0       0
      Locals:        20       0       0       0       0       0       0       0       0       0       0       0       0       0       0       0
      Temps:          2       0       0       0       0       0       0       0       0       0       0       0       0       0       0       0
      Totals:        24       0       0       0       0       0       0       0       0       0       0       0       0       0       0       0
Total ram usage:       24 bytes
 Hardware stack levels used:    1
 Hardware stack levels required when called:    3
 This function calls:
		_sprintf
 This function is called by:
		_V_Principal
		_ManejaMovimientos
 This function uses a non-reentrant model


 *************** function _sprintf *****************
 Defined at:
		line 13 in file "C:\Program Files (x86)\Microchip\xc8\v1.34\sources\common\sprintf.c"
 Parameters:    Size  Location     Type
  wh              2   34[COMRAM] PTR unsigned char 
		 -> Convert_diasem@buffer_dia(20), buffer1(20), 
  f               2   36[COMRAM] PTR const unsigned char 
		 -> STR_21(3), STR_19(3), STR_17(3), STR_15(3), 
		 -> STR_13(3), STR_11(3), STR_9(3), STR_8(15), 
		 -> STR_7(15), STR_2(5), 
 Auto vars:     Size  Location     Type
  pb              4   46[COMRAM] struct __prbuf
  ap              2   44[COMRAM] PTR void [1]
		 -> ?_sprintf(2), ?_printf(2), 
 Return value:  Size  Location     Type
                  2   34[COMRAM] int 
 Registers used:
		wreg, fsr0l, fsr0h, fsr2l, fsr2h, status,2, status,0, pclat, tosl, tblptrl, tblptrh, tblptru, prodl, prodh, cstack
 Tracked objects:
		On entry : 
		On exit  : 
		Unchanged: 
 Data sizes:     COMRAM   BANK0   BANK1   BANK2   BANK3   BANK4   BANK5   BANK6   BANK7   BANK8   BANK9  BANK10  BANK11  BANK12  BANK13  BANK14
      Params:        10       0       0       0       0       0       0       0       0       0       0       0       0       0       0       0
      Locals:         6       0       0       0       0       0       0       0       0       0       0       0       0       0       0       0
      Temps:          0       0       0       0       0       0       0       0       0       0       0       0       0       0       0       0
      Totals:        16       0       0       0       0       0       0       0       0       0       0       0       0       0       0       0
Total ram usage:       16 bytes
 Hardware stack levels used:    1
 Hardware stack levels required when called:    2
 This function calls:
		__doprnt
 This function is called by:
		_main
		_V_Principal
		_Convert_diasem
 This function uses a non-reentrant model


 *************** function __doprnt *****************
 Defined at:
		line 458 in file "C:\Program Files (x86)\Microchip\xc8\v1.34\sources\common\doprnt.c"
 Parameters:    Size  Location     Type
  pb              2   12[COMRAM] PTR struct __prbuf
		 -> sprintf@pb(4), printf@pb(4), 
  f               3   14[COMRAM] PTR const unsigned char 
		 -> ROM(65527), STR_21(3), STR_19(3), STR_17(3), 
		 -> STR_15(3), STR_13(3), STR_11(3), STR_9(3), 
		 -> STR_8(15), STR_7(15), STR_2(5), 
  ap              2   17[COMRAM] PTR PTR void 
		 -> sprintf@ap(2), printf@ap(2), 
 Auto vars:     Size  Location     Type
  tmpval          4    0        struct .
  width           2   31[COMRAM] int 
  cp              2   29[COMRAM] PTR const unsigned char 
		 -> ?_sprintf(2), ?_printf(2), NULL(0), STR_23(7), 
		 -> _doprnt@c(1), STR_22(21), STR_20(21), STR_18(21), 
		 -> STR_16(21), STR_14(21), STR_12(21), STR_10(21), 
		 -> Convert_diasem@buffer_dia(20), buffer1(20), 
  len             2   27[COMRAM] unsigned int 
  val             2   24[COMRAM] unsigned int 
  c               1   33[COMRAM] char 
  prec            1   26[COMRAM] char 
  flag            1   23[COMRAM] unsigned char 
 Return value:  Size  Location     Type
                  2   12[COMRAM] int 
 Registers used:
		wreg, fsr0l, fsr0h, fsr2l, fsr2h, status,2, status,0, pclat, tosl, tblptrl, tblptrh, tblptru, prodl, prodh, cstack
 Tracked objects:
		On entry : 
		On exit  : 
		Unchanged: 
 Data sizes:     COMRAM   BANK0   BANK1   BANK2   BANK3   BANK4   BANK5   BANK6   BANK7   BANK8   BANK9  BANK10  BANK11  BANK12  BANK13  BANK14
      Params:         7       0       0       0       0       0       0       0       0       0       0       0       0       0       0       0
      Locals:        11       0       0       0       0       0       0       0       0       0       0       0       0       0       0       0
      Temps:          4       0       0       0       0       0       0       0       0       0       0       0       0       0       0       0
      Totals:        22       0       0       0       0       0       0       0       0       0       0       0       0       0       0       0
Total ram usage:       22 bytes
 Hardware stack levels used:    1
 Hardware stack levels required when called:    1
 This function calls:
		Absolute function
		___lwdiv
		___lwmod
		___wmul
		_isdigit
		_putch
 This function is called by:
		_printf
		_sprintf
 This function uses a non-reentrant model


 *************** function _putch *****************
 Defined at:
		line 7 in file "C:\Program Files (x86)\Microchip\xc8\v1.34\sources\common\putch.c"
 Parameters:    Size  Location     Type
  c               1    wreg     unsigned char 
 Auto vars:     Size  Location     Type
  c               1    0[COMRAM] unsigned char 
 Return value:  Size  Location     Type
		None               void
 Registers used:
		wreg
 Tracked objects:
		On entry : 
		On exit  : 
		Unchanged: 
 Data sizes:     COMRAM   BANK0   BANK1   BANK2   BANK3   BANK4   BANK5   BANK6   BANK7   BANK8   BANK9  BANK10  BANK11  BANK12  BANK13  BANK14
      Params:         0       0       0       0       0       0       0       0       0       0       0       0       0       0       0       0
      Locals:         0       0       0       0       0       0       0       0       0       0       0       0       0       0       0       0
      Temps:          0       0       0       0       0       0       0       0       0       0       0       0       0       0       0       0
      Totals:         0       0       0       0       0       0       0       0       0       0       0       0       0       0       0       0
Total ram usage:        0 bytes
 Hardware stack levels used:    1
 This function calls:
		Nothing
 This function is called by:
		_printf
		__doprnt
 This function uses a non-reentrant model


 *************** function _isdigit *****************
 Defined at:
		line 8 in file "C:\Program Files (x86)\Microchip\xc8\v1.34\sources\common\isdigit.c"
 Parameters:    Size  Location     Type
  c               1    wreg     unsigned char 
 Auto vars:     Size  Location     Type
  c               1    2[COMRAM] unsigned char 
 Return value:  Size  Location     Type
		None               void
 Registers used:
		wreg, status,2, status,0
 Tracked objects:
		On entry : 
		On exit  : 
		Unchanged: 
 Data sizes:     COMRAM   BANK0   BANK1   BANK2   BANK3   BANK4   BANK5   BANK6   BANK7   BANK8   BANK9  BANK10  BANK11  BANK12  BANK13  BANK14
      Params:         0       0       0       0       0       0       0       0       0       0       0       0       0       0       0       0
      Locals:         2       0       0       0       0       0       0       0       0       0       0       0       0       0       0       0
      Temps:          1       0       0       0       0       0       0       0       0       0       0       0       0       0       0       0
      Totals:         3       0       0       0       0       0       0       0       0       0       0       0       0       0       0       0
Total ram usage:        3 bytes
 Hardware stack levels used:    1
 This function calls:
		Nothing
 This function is called by:
		__doprnt
 This function uses a non-reentrant model


 *************** function ___wmul *****************
 Defined at:
		line 15 in file "C:\Program Files (x86)\Microchip\xc8\v1.34\sources\common\Umul16.c"
 Parameters:    Size  Location     Type
  multiplier      2    0[COMRAM] unsigned int 
  multiplicand    2    2[COMRAM] unsigned int 
 Auto vars:     Size  Location     Type
  product         2    4[COMRAM] unsigned int 
 Return value:  Size  Location     Type
                  2    0[COMRAM] unsigned int 
 Registers used:
		wreg, status,2, status,0, prodl, prodh
 Tracked objects:
		On entry : 
		On exit  : 
		Unchanged: 
 Data sizes:     COMRAM   BANK0   BANK1   BANK2   BANK3   BANK4   BANK5   BANK6   BANK7   BANK8   BANK9  BANK10  BANK11  BANK12  BANK13  BANK14
      Params:         4       0       0       0       0       0       0       0       0       0       0       0       0       0       0       0
      Locals:         2       0       0       0       0       0       0       0       0       0       0       0       0       0       0       0
      Temps:          0       0       0       0       0       0       0       0       0       0       0       0       0       0       0       0
      Totals:         6       0       0       0       0       0       0       0       0       0       0       0       0       0       0       0
Total ram usage:        6 bytes
 Hardware stack levels used:    1
 This function calls:
		Nothing
 This function is called by:
		__doprnt
 This function uses a non-reentrant model


 *************** function ___lwmod *****************
 Defined at:
		line 8 in file "C:\Program Files (x86)\Microchip\xc8\v1.34\sources\common\lwmod.c"
 Parameters:    Size  Location     Type
  dividend        2    7[COMRAM] unsigned int 
  divisor         2    9[COMRAM] unsigned int 
 Auto vars:     Size  Location     Type
  counter         1   11[COMRAM] unsigned char 
 Return value:  Size  Location     Type
                  2    7[COMRAM] unsigned int 
 Registers used:
		wreg, status,2, status,0
 Tracked objects:
		On entry : 
		On exit  : 
		Unchanged: 
 Data sizes:     COMRAM   BANK0   BANK1   BANK2   BANK3   BANK4   BANK5   BANK6   BANK7   BANK8   BANK9  BANK10  BANK11  BANK12  BANK13  BANK14
      Params:         4       0       0       0       0       0       0       0       0       0       0       0       0       0       0       0
      Locals:         1       0       0       0       0       0       0       0       0       0       0       0       0       0       0       0
      Temps:          0       0       0       0       0       0       0       0       0       0       0       0       0       0       0       0
      Totals:         5       0       0       0       0       0       0       0       0       0       0       0       0       0       0       0
Total ram usage:        5 bytes
 Hardware stack levels used:    1
 This function calls:
		Nothing
 This function is called by:
		__doprnt
 This function uses a non-reentrant model


 *************** function ___lwdiv *****************
 Defined at:
		line 8 in file "C:\Program Files (x86)\Microchip\xc8\v1.34\sources\common\lwdiv.c"
 Parameters:    Size  Location     Type
  dividend        2    0[COMRAM] unsigned int 
  divisor         2    2[COMRAM] unsigned int 
 Auto vars:     Size  Location     Type
  quotient        2    4[COMRAM] unsigned int 
  counter         1    6[COMRAM] unsigned char 
 Return value:  Size  Location     Type
                  2    0[COMRAM] unsigned int 
 Registers used:
		wreg, status,2, status,0
 Tracked objects:
		On entry : 
		On exit  : 
		Unchanged: 
 Data sizes:     COMRAM   BANK0   BANK1   BANK2   BANK3   BANK4   BANK5   BANK6   BANK7   BANK8   BANK9  BANK10  BANK11  BANK12  BANK13  BANK14
      Params:         4       0       0       0       0       0       0       0       0       0       0       0       0       0       0       0
      Locals:         3       0       0       0       0       0       0       0       0       0       0       0       0       0       0       0
      Temps:          0       0       0       0       0       0       0       0       0       0       0       0       0       0       0       0
      Totals:         7       0       0       0       0       0       0       0       0       0       0       0       0       0       0       0
Total ram usage:        7 bytes
 Hardware stack levels used:    1
 This function calls:
		Nothing
 This function is called by:
		__doprnt
 This function uses a non-reentrant model


 *************** function _Lcd_Init *****************
 Defined at:
		line 42 in file "../lcd.h"
 Parameters:    Size  Location     Type
		None
 Auto vars:     Size  Location     Type
  data            1    4[COMRAM] unsigned char 
 Return value:  Size  Location     Type
		None               void
 Registers used:
		wreg, status,2, status,0, cstack
 Tracked objects:
		On entry : 
		On exit  : 
		Unchanged: 
 Data sizes:     COMRAM   BANK0   BANK1   BANK2   BANK3   BANK4   BANK5   BANK6   BANK7   BANK8   BANK9  BANK10  BANK11  BANK12  BANK13  BANK14
      Params:         0       0       0       0       0       0       0       0       0       0       0       0       0       0       0       0
      Locals:         1       0       0       0       0       0       0       0       0       0       0       0       0       0       0       0
      Temps:          1       0       0       0       0       0       0       0       0       0       0       0       0       0       0       0
      Totals:         2       0       0       0       0       0       0       0       0       0       0       0       0       0       0       0
Total ram usage:        2 bytes
 Hardware stack levels used:    1
 Hardware stack levels required when called:    1
 This function calls:
		_Lcd_Cmd
 This function is called by:
		_main
 This function uses a non-reentrant model


 *************** function _Lcd_Cmd *****************
 Defined at:
		line 140 in file "../lcd.h"
 Parameters:    Size  Location     Type
  data            1    wreg     unsigned char 
 Auto vars:     Size  Location     Type
  data            1    2[COMRAM] unsigned char 
 Return value:  Size  Location     Type
		None               void
 Registers used:
		wreg, status,2, status,0
 Tracked objects:
		On entry : 
		On exit  : 
		Unchanged: 
 Data sizes:     COMRAM   BANK0   BANK1   BANK2   BANK3   BANK4   BANK5   BANK6   BANK7   BANK8   BANK9  BANK10  BANK11  BANK12  BANK13  BANK14
      Params:         0       0       0       0       0       0       0       0       0       0       0       0       0       0       0       0
      Locals:         1       0       0       0       0       0       0       0       0       0       0       0       0       0       0       0
      Temps:          2       0       0       0       0       0       0       0       0       0       0       0       0       0       0       0
      Totals:         3       0       0       0       0       0       0       0       0       0       0       0       0       0       0       0
Total ram usage:        3 bytes
 Hardware stack levels used:    1
 This function calls:
		Nothing
 This function is called by:
		_Lcd_Init
		_Lcd_Out
		_main
		_Lcd_Out2
 This function uses a non-reentrant model



MODULE INFORMATION

Module		Function		Class		Link	Load	Size
../main.c
		_lee_temperatur		CODE           	E684	0000	33
		_Read_RTC      		CODE           	F0FC	0000	315
		_main          		CODE           	F66A	0000	575
		_V_Principal   		CODE           	EA8A	0000	231
		_ManejaMovimien		CODE           	F37C	0000	345
		_Write_RTC     		CODE           	F4D4	0000	407
		_Convert_diasem		CODE           	ED96	0000	287

../main.c estimated size: 2193

C:\Program Files (x86)\Microchip\xc8\v1.34\sources\pic18\plib\rtcc\RtccReadDate.c
		_RtccReadDate  		CODE           	E8CA	0000	143

C:\Program Files (x86)\Microchip\xc8\v1.34\sources\pic18\plib\rtcc\RtccReadDate.c estimated size: 143

C:\Program Files (x86)\Microchip\xc8\v1.34\sources\pic18\plib\rtcc\RtccWriteTime.c
		_RtccWriteTime 		CODE           	EB70	0000	269

C:\Program Files (x86)\Microchip\xc8\v1.34\sources\pic18\plib\rtcc\RtccWriteTime.c estimated size: 269

../lcd.h
		_Lcd_Init      		CODE           	EC7C	0000	283
		_Lcd_Out       		CODE           	E9EE	0000	157
		_Lcd_Chr_CP    		CODE           	EFD4	0000	297
		_Lcd_Cmd       		CODE           	EEB4	0000	289

../lcd.h estimated size: 1026

C:\Program Files (x86)\Microchip\xc8\v1.34\sources\common\printf.c
		_printf        		CODE           	E6EE	0000	61

C:\Program Files (x86)\Microchip\xc8\v1.34\sources\common\printf.c estimated size: 61

C:\Program Files (x86)\Microchip\xc8\v1.34\sources\common\lwmod.c
		___lwmod       		CODE           	E766	0000	77

C:\Program Files (x86)\Microchip\xc8\v1.34\sources\common\lwmod.c estimated size: 77

C:\Program Files (x86)\Microchip\xc8\v1.34\sources\pic18\plib\rtcc\RtccWrOn.c
		_RtccWrOn      		CODE           	E654	0000	19

C:\Program Files (x86)\Microchip\xc8\v1.34\sources\pic18\plib\rtcc\RtccWrOn.c estimated size: 19

C:\Program Files (x86)\Microchip\xc8\v1.34\sources\common\putch.c
		_putch         		CODE           	E652	0000	3

C:\Program Files (x86)\Microchip\xc8\v1.34\sources\common\putch.c estimated size: 3

C:\Program Files (x86)\Microchip\xc8\v1.34\sources\pic18\plib\rtcc\RtccReadTime.c
		_RtccReadTime  		CODE           	E85C	0000	111

C:\Program Files (x86)\Microchip\xc8\v1.34\sources\pic18\plib\rtcc\RtccReadTime.c estimated size: 111

C:\Program Files (x86)\Microchip\xc8\v1.34\sources\common\isdigit.c
		_isdigit       		CODE           	E6A4	0000	35

C:\Program Files (x86)\Microchip\xc8\v1.34\sources\common\isdigit.c estimated size: 35

shared
		_dpowers       		MEDIUMCONST    	FECD	0000	11
		__initializatio		CODE           	E72A	0000	55

shared estimated size: 66

C:\Program Files (x86)\Microchip\xc8\v1.34\sources\common\lwdiv.c
		___lwdiv       		CODE           	E800	0000	93

C:\Program Files (x86)\Microchip\xc8\v1.34\sources\common\lwdiv.c estimated size: 93

C:\Program Files (x86)\Microchip\xc8\v1.34\sources\common\awdiv.c
		___awdiv       		CODE           	E958	0000	151

C:\Program Files (x86)\Microchip\xc8\v1.34\sources\common\awdiv.c estimated size: 151

C:\Program Files (x86)\Microchip\xc8\v1.34\sources\common\sprintf.c
		_sprintf       		CODE           	E7B2	0000	79

C:\Program Files (x86)\Microchip\xc8\v1.34\sources\common\sprintf.c estimated size: 79

C:\Program Files (x86)\Microchip\xc8\v1.34\sources\common\doprnt.c
		__doprnt       		CODE           	F8A8	0000	1573

C:\Program Files (x86)\Microchip\xc8\v1.34\sources\common\doprnt.c estimated size: 1573

C:\Program Files (x86)\Microchip\xc8\v1.34\sources\pic18\plib\rtcc\RtccWriteDate.c
		_RtccWriteDate 		CODE           	F236	0000	327

C:\Program Files (x86)\Microchip\xc8\v1.34\sources\pic18\plib\rtcc\RtccWriteDate.c estimated size: 327

C:\Program Files (x86)\Microchip\xc8\v1.34\sources\common\Umul16.c
		___wmul        		CODE           	E6C6	0000	41

C:\Program Files (x86)\Microchip\xc8\v1.34\sources\common\Umul16.c estimated size: 41

