Microchip MPLAB XC8 Compiler V1.34 ()

Linker command line:

--edf=C:\Program Files (x86)\Microchip\xc8\v1.34\dat\en_msgs.txt -cs \
  -h+dist/default/production\LCD_4x20.X.production.sym \
  --cmf=dist/default/production\LCD_4x20.X.production.cmf -z -Q18F26J50 \
  -oC:\Users\homer\AppData\Local\Temp\s7eg.6 \
  -Mdist/default/production/LCD_4x20.X.production.map -E1 -ver=XC8 \
  -ASTACK=0ACh-0ebfh -pstack=STACK -ACODE=00h-0FFF7h -ACONST=00h-0FFF7h \
  -ASMALLCONST=0F00h-0FFFhx240,0FF00h-0FFF7h -AMEDIUMCONST=0F00h-0FFF7h \
  -ACOMRAM=01h-05Fh -AABS1=00h-0EBFh -ABIGRAM=01h-0EBFh \
  -ARAM=060h-0FFh,0100h-01FFhx13,0E00h-0EBFh -ABANK0=060h-0FFh \
  -ABANK1=0100h-01FFh -ABANK2=0200h-02FFh -ABANK3=0300h-03FFh \
  -ABANK4=0400h-04FFh -ABANK5=0500h-05FFh -ABANK6=0600h-06FFh \
  -ABANK7=0700h-07FFh -ABANK8=0800h-08FFh -ABANK9=0900h-09FFh \
  -ABANK10=0A00h-0AFFh -ABANK11=0B00h-0BFFh -ABANK12=0C00h-0CFFh \
  -ABANK13=0D00h-0DFFh -ABANK14=0E00h-0EBFh \
  -ASFR=0EC0h-0EFFh,0F00h-0F5Fh,0F60h-0FFFh \
  -preset_vec=00h,intcode,intcodelo,powerup,init,end_init -pramtop=0F00h \
  -psmallconst=SMALLCONST -pmediumconst=MEDIUMCONST -pconst=CONST \
  -AFARRAM=00h-00h -ACONFIG=0FFF8h-0FFFFh -pconfig=CONFIG \
  -pjflash_buffer=0F800h \
  -prdata=COMRAM,nvrram=COMRAM,nvbit=COMRAM,rbss=COMRAM,rbit=COMRAM \
  -pfarbss=FARRAM,fardata=FARRAM,nvFARRAM=FARRAM \
  -pintsave_regs=BIGRAM,bigbss=BIGRAM,bigdata=BIGRAM -pbss=RAM \
  -pidata=CODE,irdata=CODE,ibigdata=CODE,ifardata=CODE -prparam=COMRAM \
  C:\Users\homer\AppData\Local\Temp\s7eg.obj \
  dist/default/production\LCD_4x20.X.production.obj 

Object code version is 3.11

Machine type is 18F26J50

Call graph: (short form)




                Name                               Link     Load   Length Selector   Space Scale
C:\Users\homer\AppData\Local\Temp\s7eg.obj
                end_init                              0        0        4        0       0
                config                             FFF8     FFF8        8     FFF8       0
dist/default/production\LCD_4x20.X.production.obj
                mediumconst                        FECC     FECC      12C     7F66       0
                text20                             F3C4     F3C4      120     79E2       0
                text19                             F18C     F18C      11A     78C6       0
                text18                             EBC6     EBC6       5C     75E3       0
                text17                             EB7A     EB7A       4C     75BD       0
                text16                             EB52     EB52       28     75A9       0
                text15                             EB30     EB30       22     7598       0
                text14                             FB92     FB92      33A     7DC9       0
                text13                             F2A6     F2A6      11E     7953       0
                text12                             F4E4     F4E4      128     7A72       0
                text11                             ED80     ED80       94     76C0       0
                text10                             ECF2     ECF2       8E     7679       0
                text9                              EC84     EC84       6E     7642       0
                text8                              F074     F074      118     783A       0
                text7                              EB10     EB10       20     7588       0
                text6                              EEAA     EEAA       BE     7755       0
                text5                              EAFE     EAFE       12     757F       0
                text4                              F60C     F60C      146     7B06       0
                text3                              EF68     EF68      10C     77B4       0
                text2                              EE14     EE14       96     770A       0
                text1                              F752     F752      186     7BA9       0
                text0                              F8D8     F8D8      2BA     7C6C       0
                cstackCOMRAM                          1        1       48        1       1
                dataBANK0                            A6       A6        6       60       1
                bssBANK0                             60       60       39       60       1
                dataCOMRAM                           49       49        C        1       1
                bssCOMRAM                            55       55        B        1       1
                cinit                              EC22     EC22       62     7611       0
                nvBANK0                              99       99        D       60       1
                idataBANK0                         EAEC     EAEC        6     EAEC       0
                idataCOMRAM                        EAF2     EAF2        C     EAF2       0

TOTAL           Name                               Link     Load   Length     Space
        CLASS   STACK          

        CLASS   CODE           
                end_init                              0        0        4         0
                text20                             F3C4     F3C4      120         0
                text19                             F18C     F18C      11A         0
                text18                             EBC6     EBC6       5C         0
                text17                             EB7A     EB7A       4C         0
                text16                             EB52     EB52       28         0
                text15                             EB30     EB30       22         0
                text14                             FB92     FB92      33A         0
                text13                             F2A6     F2A6      11E         0
                text12                             F4E4     F4E4      128         0
                text11                             ED80     ED80       94         0
                text10                             ECF2     ECF2       8E         0
                text9                              EC84     EC84       6E         0
                text8                              F074     F074      118         0
                text7                              EB10     EB10       20         0
                text6                              EEAA     EEAA       BE         0
                text5                              EAFE     EAFE       12         0
                text4                              F60C     F60C      146         0
                text3                              EF68     EF68      10C         0
                text2                              EE14     EE14       96         0
                text1                              F752     F752      186         0
                text0                              F8D8     F8D8      2BA         0
                cinit                              EC22     EC22       62         0
                idataBANK0                         EAEC     EAEC        6         0
                idataCOMRAM                        EAF2     EAF2        C         0

        CLASS   CONST          

        CLASS   SMALLCONST     

        CLASS   MEDIUMCONST    
                mediumconst                        FECC     FECC      12C         0

        CLASS   COMRAM         
                cstackCOMRAM                          1        1       48         1
                dataCOMRAM                           49       49        C         1
                bssCOMRAM                            55       55        B         1

        CLASS   ABS1           

        CLASS   BIGRAM         

        CLASS   RAM            

        CLASS   BANK0          
                dataBANK0                            A6       A6        6         1
                bssBANK0                             60       60       39         1
                nvBANK0                              99       99        D         1

        CLASS   BANK1          

        CLASS   BANK2          

        CLASS   BANK3          

        CLASS   BANK4          

        CLASS   BANK5          

        CLASS   BANK6          

        CLASS   BANK7          

        CLASS   BANK8          

        CLASS   BANK9          

        CLASS   BANK10         

        CLASS   BANK11         

        CLASS   BANK12         

        CLASS   BANK13         

        CLASS   BANK14         

        CLASS   SFR            

        CLASS   FARRAM         

        CLASS   CONFIG         
                config                             FFF8     FFF8        8         0

        CLASS   IDLOC          



SEGMENTS        Name                           Load    Length   Top    Selector   Space  Class

                reset_vec                      000000  000004  000004         0       0  CODE    
                cstackCOMRAM                   000001  00005F  000060         1       1  COMRAM  
                bssBANK0                       000060  00004C  0000AC        60       1  BANK0   
                idataBANK0                     00EAEC  000006  00EAF2      EAEC       0  CODE    
                idataCOMRAM                    00EAF2  00000C  00EAFE      EAF2       0  CODE    
                text5                          00EAFE  000012  00EB10      757F       0  CODE    
                text7                          00EB10  000020  00EB30      7588       0  CODE    
                text15                         00EB30  000022  00EB52      7598       0  CODE    
                text16                         00EB52  000028  00EB7A      75A9       0  CODE    
                text17                         00EB7A  00004C  00EBC6      75BD       0  CODE    
                text18                         00EBC6  00005C  00EC22      75E3       0  CODE    
                cinit                          00EC22  000062  00EC84      7611       0  CODE    
                text9                          00EC84  00006E  00ECF2      7642       0  CODE    
                text10                         00ECF2  00008E  00ED80      7679       0  CODE    
                text11                         00ED80  000094  00EE14      76C0       0  CODE    
                text2                          00EE14  000096  00EEAA      770A       0  CODE    
                text6                          00EEAA  0000BE  00EF68      7755       0  CODE    
                text3                          00EF68  00010C  00F074      77B4       0  CODE    
                text8                          00F074  000118  00F18C      783A       0  CODE    
                text19                         00F18C  00011A  00F2A6      78C6       0  CODE    
                text13                         00F2A6  00011E  00F3C4      7953       0  CODE    
                text20                         00F3C4  000120  00F4E4      79E2       0  CODE    
                text12                         00F4E4  000128  00F60C      7A72       0  CODE    
                text4                          00F60C  000146  00F752      7B06       0  CODE    
                text1                          00F752  000186  00F8D8      7BA9       0  CODE    
                text0                          00F8D8  0002BA  00FB92      7C6C       0  CODE    
                text14                         00FB92  00033A  00FECC      7DC9       0  CODE    
                mediumconst                    00FECC  00012C  00FFF8      7F66       0  MEDIUMCO
                config                         00FFF8  000008  010000      FFF8       0  CONFIG  


UNUSED ADDRESS RANGES

        Name                Unused          Largest block    Delta
        BANK0            000AC-000FF              54
        BANK1            00100-001FF             100
        BANK10           00A00-00AFF             100
        BANK11           00B00-00BFF             100
        BANK12           00C00-00CFF             100
        BANK13           00D00-00DFF             100
        BANK14           00E00-00EBF              C0
        BANK2            00200-002FF             100
        BANK3            00300-003FF             100
        BANK4            00400-004FF             100
        BANK5            00500-005FF             100
        BANK6            00600-006FF             100
        BANK7            00700-007FF             100
        BANK8            00800-008FF             100
        BANK9            00900-009FF             100
        BIGRAM           000AC-00EBF             E14
        CODE             00004-0EAEB            EAE8
        CONST            00004-0EAEB            EAE8
        MEDIUMCONST      00F00-0EAEB            DBEC
        RAM              000AC-00EBF             100
        SFR              00EC0-00FFF              60
        SMALLCONST       00F00-0EAEB             100
        STACK            000AC-00EBF             E14

                                  Symbol Table

?_Convert_diasem           cstackCOMRAM  00028
?___awdiv                  cstackCOMRAM  00001
?___lwdiv                  cstackCOMRAM  00001
?___lwmod                  cstackCOMRAM  00008
?___wmul                   cstackCOMRAM  00001
?_sprintf                  cstackCOMRAM  0000D
Convert_diasem@buffer_dia  cstackCOMRAM  0002C
Convert_diasem@dia         cstackCOMRAM  00028
Lcd_Chr_CP@data            cstackCOMRAM  00003
Lcd_Cmd@data               cstackCOMRAM  00003
Lcd_Init@data              cstackCOMRAM  00005
Lcd_Out@buffer             cstackCOMRAM  00041
Lcd_Out@data               cstackCOMRAM  00044
Lcd_Out@x                  cstackCOMRAM  00040
Lcd_Out@y                  cstackCOMRAM  00043
RtccReadDate@pDt           cstackCOMRAM  00001
RtccReadDate@rTD0          cstackCOMRAM  0000B
RtccReadDate@rTD1          cstackCOMRAM  00003
RtccReadTime@pTm           cstackCOMRAM  00001
RtccReadTime@rTD0          cstackCOMRAM  0000B
RtccReadTime@rTD1          cstackCOMRAM  00003
RtccWriteDate@di           cstackCOMRAM  00003
RtccWriteDate@pDt          cstackCOMRAM  00001
RtccWriteDate@tempDayMonth cstackCOMRAM  0000A
RtccWriteDate@tempHourWDay cstackCOMRAM  0000C
RtccWriteDate@tempYear     cstackCOMRAM  00007
RtccWriteDate@wasAlrm      cstackCOMRAM  00006
RtccWriteDate@wasOn        cstackCOMRAM  00005
RtccWriteDate@wasWrEn      cstackCOMRAM  00009
RtccWriteTime@di           cstackCOMRAM  00003
RtccWriteTime@pTm          cstackCOMRAM  00001
RtccWriteTime@tempHourWDay cstackCOMRAM  0000A
RtccWriteTime@tempMinSec   cstackCOMRAM  00008
RtccWriteTime@wasAlrm      cstackCOMRAM  00006
RtccWriteTime@wasOn        cstackCOMRAM  00005
RtccWriteTime@wasWrEn      cstackCOMRAM  00007
V_Principal@cte            cstackCOMRAM  00045
_ADCON0                    (abs)         00FC2
_ADCON0bits                (abs)         00FC2
_ADCON1                    (abs)         00FC1
_ADRESH                    (abs)         00FC4
_ALRMCFGbits               (abs)         00F91
_ANCON0                    (abs)         00F48
_ANCON1                    (abs)         00F49
_Convert_diasem            text13        0F2A6
_CuentamSeg                bssBANK0      0007E
_EECON2                    (abs)         00FA7
_Flag_1                    bssBANK0      0007F
_Grados                    dataBANK0     000A6
_INTCONbits                (abs)         00FF2
_LATAbits                  (abs)         00F89
_LATBbits                  (abs)         00F8A
_Lcd_Chr_CP                text12        0F4E4
_Lcd_Cmd                   text20        0F3C4
_Lcd_Init                  text19        0F18C
_Lcd_Out                   text11        0ED80
_OSCCONbits                (abs)         00FD3
_OSCTUNEbits               (abs)         00F9B
_PIE3bits                  (abs)         00FA3
_PORTAbits                 (abs)         00F80
_PORTCbits                 (abs)         00F82
_RTCCFG                    (abs)         00F3F
_RTCCFGbits                (abs)         00F3F
_RTCVALH                   (abs)         00F99
_RTCVALL                   (abs)         00F98
_Read_RTC                  text8         0F074
_RtccAlrmTimeDate          bssBANK0      00060
_RtccDate                  bssCOMRAM     00058
_RtccReadDate              text10        0ECF2
_RtccReadTime              text9         0EC84
_RtccTime                  bssCOMRAM     0005C
_RtccTimeDate              bssBANK0      00068
_RtccTimeVal               bssBANK0      00078
_RtccWrOn                  text5         0EAFE
_RtccWriteDate             text4         0F60C
_RtccWriteTime             text3         0EF68
_Rtcc_read_TimeDate        bssBANK0      00070
_Sw_Center                 bssBANK0      00080
_Sw_Down                   bssBANK0      00081
_Sw_Left                   bssBANK0      00082
_Sw_Right                  bssBANK0      00083
_Sw_Up                     bssBANK0      00084
_T1CONbits                 (abs)         00FCD
_TRISA                     (abs)         00F92
_TRISB                     (abs)         00F93
_TRISBbits                 (abs)         00F93
_TRISC                     (abs)         00F94
_Temp_prog                 dataBANK0     000A9
_V_Principal               text6         0EEAA
_Write_RTC                 text1         0F752
__CFG_CP0$OFF              (abs)         00000
__CFG_CPUDIV$OSC1          (abs)         00000
__CFG_DSBOREN$OFF          (abs)         00000
__CFG_DSWDTEN$OFF          (abs)         00000
__CFG_DSWDTOSC$INTOSCREF   (abs)         00000
__CFG_DSWDTPS$G2           (abs)         00000
__CFG_FCMEN$OFF            (abs)         00000
__CFG_IESO$OFF             (abs)         00000
__CFG_IOL1WAY$OFF          (abs)         00000
__CFG_LPT1OSC$OFF          (abs)         00000
__CFG_MSSP7B_EN$MSK7       (abs)         00000
__CFG_OSC$INTOSC           (abs)         00000
__CFG_PLLDIV$1             (abs)         00000
__CFG_RTCOSC$T1OSCREF      (abs)         00000
__CFG_STVREN$ON            (abs)         00000
__CFG_T1DIG$ON             (abs)         00000
__CFG_WDTEN$OFF            (abs)         00000
__CFG_WDTPS$32768          (abs)         00000
__CFG_WPCFG$OFF            (abs)         00000
__CFG_WPDIS$OFF            (abs)         00000
__CFG_XINST$OFF            (abs)         00000
__HRAM                     (abs)         00000
__Habs1                    abs1          00000
__Hbank0                   bank0         00000
__Hbank1                   bank1         00000
__Hbank10                  bank10        00000
__Hbank11                  bank11        00000
__Hbank12                  bank12        00000
__Hbank13                  bank13        00000
__Hbank14                  bank14        00000
__Hbank2                   bank2         00000
__Hbank3                   bank3         00000
__Hbank4                   bank4         00000
__Hbank5                   bank5         00000
__Hbank6                   bank6         00000
__Hbank7                   bank7         00000
__Hbank8                   bank8         00000
__Hbank9                   bank9         00000
__Hbigbss                  bigbss        00000
__Hbigdata                 bigdata       00000
__Hbigram                  bigram        00000
__Hbss                     bss           00000
__HbssBANK0                bssBANK0      00000
__HbssCOMRAM               bssCOMRAM     00000
__Hcinit                   cinit         00000
__Hclrtext                 clrtext       00000
__Hcomram                  comram        00000
__Hconfig                  config        10000
__Hconst                   const         00000
__HcstackCOMRAM            cstackCOMRAM  00000
__Hdata                    data          00000
__HdataBANK0               dataBANK0     00000
__HdataCOMRAM              dataCOMRAM    00000
__Hend_init                end_init      00004
__Hfarbss                  farbss        00000
__Hfardata                 fardata       00000
__Hibigdata                ibigdata      00000
__Hidata                   idata         00000
__HidataBANK0              idataBANK0    00000
__HidataCOMRAM             idataCOMRAM   00000
__Hidloc                   idloc         00000
__Hifardata                ifardata      00000
__Hinit                    init          00000
__Hintcode                 intcode       00000
__Hintcode_body            intcode_body  00000
__Hintcodelo               intcodelo     00000
__Hintentry                intentry      00000
__Hintret                  intret        00000
__Hintsave_regs            intsave_regs  00000
__Hirdata                  irdata        00000
__Hjflash_buffer           jflash_buffer 0F800
__Hmediumconst             mediumconst   0FFF8
__HnvBANK0                 nvBANK0       00000
__HnvFARRAM                nvFARRAM      00000
__Hnvbit                   nvbit         00000
__Hnvrram                  nvrram        00000
__Hparam                   rparam        00000
__Hpowerup                 powerup       00000
__Hram                     ram           00000
__Hramtop                  ramtop        00F00
__Hrbit                    rbit          00000
__Hrbss                    rbss          00000
__Hrdata                   rdata         00000
__Hreset_vec               reset_vec     00000
__Hrparam                  rparam        00000
__Hsfr                     sfr           00000
__Hsmallconst              smallconst    00000
__Hspace_0                 (abs)         10000
__Hspace_1                 (abs)         000AC
__Hspace_2                 (abs)         00000
__Hstack                   stack         00000
__Hstruct                  struct        00000
__Htemp                    temp          00000
__Htext                    text          00000
__Htext0                   text0         00000
__Htext1                   text1         00000
__Htext10                  text10        00000
__Htext11                  text11        00000
__Htext12                  text12        00000
__Htext13                  text13        00000
__Htext14                  text14        00000
__Htext15                  text15        00000
__Htext16                  text16        00000
__Htext17                  text17        00000
__Htext18                  text18        00000
__Htext19                  text19        00000
__Htext2                   text2         00000
__Htext20                  text20        00000
__Htext3                   text3         00000
__Htext4                   text4         00000
__Htext5                   text5         00000
__Htext6                   text6         00000
__Htext7                   text7         00000
__Htext8                   text8         00000
__Htext9                   text9         00000
__LRAM                     (abs)         00001
__Labs1                    abs1          00000
__Lbank0                   bank0         00000
__Lbank1                   bank1         00000
__Lbank10                  bank10        00000
__Lbank11                  bank11        00000
__Lbank12                  bank12        00000
__Lbank13                  bank13        00000
__Lbank14                  bank14        00000
__Lbank2                   bank2         00000
__Lbank3                   bank3         00000
__Lbank4                   bank4         00000
__Lbank5                   bank5         00000
__Lbank6                   bank6         00000
__Lbank7                   bank7         00000
__Lbank8                   bank8         00000
__Lbank9                   bank9         00000
__Lbigbss                  bigbss        00000
__Lbigdata                 bigdata       00000
__Lbigram                  bigram        00000
__Lbss                     bss           00000
__LbssBANK0                bssBANK0      00000
__LbssCOMRAM               bssCOMRAM     00000
__Lcinit                   cinit         00000
__Lclrtext                 clrtext       00000
__Lcomram                  comram        00000
__Lconfig                  config        0FFF8
__Lconst                   const         00000
__LcstackCOMRAM            cstackCOMRAM  00000
__Ldata                    data          00000
__LdataBANK0               dataBANK0     00000
__LdataCOMRAM              dataCOMRAM    00000
__Lend_init                end_init      00000
__Lfarbss                  farbss        00000
__Lfardata                 fardata       00000
__Libigdata                ibigdata      00000
__Lidata                   idata         00000
__LidataBANK0              idataBANK0    00000
__LidataCOMRAM             idataCOMRAM   00000
__Lidloc                   idloc         00000
__Lifardata                ifardata      00000
__Linit                    init          00000
__Lintcode                 intcode       00000
__Lintcode_body            intcode_body  00000
__Lintcodelo               intcodelo     00000
__Lintentry                intentry      00000
__Lintret                  intret        00000
__Lintsave_regs            intsave_regs  00000
__Lirdata                  irdata        00000
__Ljflash_buffer           jflash_buffer 0F800
__Lmediumconst             mediumconst   0FECC
__LnvBANK0                 nvBANK0       00000
__LnvFARRAM                nvFARRAM      00000
__Lnvbit                   nvbit         00000
__Lnvrram                  nvrram        00000
__Lparam                   rparam        00000
__Lpowerup                 powerup       00000
__Lram                     ram           00000
__Lramtop                  ramtop        00F00
__Lrbit                    rbit          00000
__Lrbss                    rbss          00000
__Lrdata                   rdata         00000
__Lreset_vec               reset_vec     00000
__Lrparam                  rparam        00000
__Lsfr                     sfr           00000
__Lsmallconst              smallconst    00000
__Lspace_0                 (abs)         00000
__Lspace_1                 (abs)         00000
__Lspace_2                 (abs)         00000
__Lstack                   stack         00000
__Lstruct                  struct        00000
__Ltemp                    temp          00000
__Ltext                    text          00000
__Ltext0                   text0         00000
__Ltext1                   text1         00000
__Ltext10                  text10        00000
__Ltext11                  text11        00000
__Ltext12                  text12        00000
__Ltext13                  text13        00000
__Ltext14                  text14        00000
__Ltext15                  text15        00000
__Ltext16                  text16        00000
__Ltext17                  text17        00000
__Ltext18                  text18        00000
__Ltext19                  text19        00000
__Ltext2                   text2         00000
__Ltext20                  text20        00000
__Ltext3                   text3         00000
__Ltext4                   text4         00000
__Ltext5                   text5         00000
__Ltext6                   text6         00000
__Ltext7                   text7         00000
__Ltext8                   text8         00000
__Ltext9                   text9         00000
__S0                       (abs)         10000
__S1                       (abs)         000AC
__S2                       (abs)         00000
___awdiv                   text2         0EE14
___awdiv@counter           cstackCOMRAM  00005
___awdiv@dividend          cstackCOMRAM  00001
___awdiv@divisor           cstackCOMRAM  00003
___awdiv@quotient          cstackCOMRAM  00007
___awdiv@sign              cstackCOMRAM  00006
___inthi_sp                stack         00000
___intlo_sp                stack         00000
___lwdiv                   text18        0EBC6
___lwdiv@counter           cstackCOMRAM  00007
___lwdiv@dividend          cstackCOMRAM  00001
___lwdiv@divisor           cstackCOMRAM  00003
___lwdiv@quotient          cstackCOMRAM  00005
___lwmod                   text17        0EB7A
___lwmod@counter           cstackCOMRAM  0000C
___lwmod@dividend          cstackCOMRAM  00008
___lwmod@divisor           cstackCOMRAM  0000A
___param_bank              (abs)         00010
___rparam_used             (abs)         00001
___sp                      stack         00000
___wmul                    text16        0EB52
___wmul@multiplicand       cstackCOMRAM  00003
___wmul@multiplier         cstackCOMRAM  00001
___wmul@product            cstackCOMRAM  00005
__accesstop                (abs)         00060
__activetblptr             (abs)         00002
__end_of_Convert_diasem    text13        0F3C4
__end_of_Lcd_Chr_CP        text12        0F60C
__end_of_Lcd_Cmd           text20        0F4E4
__end_of_Lcd_Init          text19        0F2A6
__end_of_Lcd_Out           text11        0EE14
__end_of_Read_RTC          text8         0F18C
__end_of_RtccReadDate      text10        0ED80
__end_of_RtccReadTime      text9         0ECF2
__end_of_RtccWrOn          text5         0EB10
__end_of_RtccWriteDate     text4         0F752
__end_of_RtccWriteTime     text3         0F074
__end_of_V_Principal       text6         0EF68
__end_of_Write_RTC         text1         0F8D8
__end_of___awdiv           text2         0EEAA
__end_of___lwdiv           text18        0EC22
__end_of___lwmod           text17        0EBC6
__end_of___wmul            text16        0EB7A
__end_of__initialization   cinit         0EC7A
__end_of_dpowers           mediumconst   0FED7
__end_of_isdigit           text15        0EB52
__end_of_lee_temperatura   text7         0EB30
__end_of_main              text0         0FB92
__end_of_sprintf           text14        0FECC
__initialization           cinit         0EC22
__mediumconst              mediumconst   0FECC
__pbssBANK0                bssBANK0      00060
__pbssCOMRAM               bssCOMRAM     00055
__pcinit                   cinit         0EC22
__pcstackCOMRAM            cstackCOMRAM  00001
__pdataBANK0               dataBANK0     000A6
__pdataCOMRAM              dataCOMRAM    00049
__pidataBANK0              idataBANK0    0EAEC
__pidataCOMRAM             idataCOMRAM   0EAF2
__pmediumconst             mediumconst   0FECC
__pnvBANK0                 nvBANK0       00099
__ptext0                   text0         0F8D8
__ptext1                   text1         0F752
__ptext10                  text10        0ECF2
__ptext11                  text11        0ED80
__ptext12                  text12        0F4E4
__ptext13                  text13        0F2A6
__ptext14                  text14        0FB92
__ptext15                  text15        0EB30
__ptext16                  text16        0EB52
__ptext17                  text17        0EB7A
__ptext18                  text18        0EBC6
__ptext19                  text19        0F18C
__ptext2                   text2         0EE14
__ptext20                  text20        0F3C4
__ptext3                   text3         0EF68
__ptext4                   text4         0F60C
__ptext5                   text5         0EAFE
__ptext6                   text6         0EEAA
__ptext7                   text7         0EB10
__ptext8                   text8         0F074
__ptext9                   text9         0EC84
__ramtop                   ramtop        00F00
__size_of_Convert_diasem   (abs)         00000
__size_of_Lcd_Chr_CP       (abs)         00000
__size_of_Lcd_Cmd          (abs)         00000
__size_of_Lcd_Init         (abs)         00000
__size_of_Lcd_Out          (abs)         00000
__size_of_Read_RTC         (abs)         00000
__size_of_RtccReadDate     (abs)         00000
__size_of_RtccReadTime     (abs)         00000
__size_of_RtccWrOn         (abs)         00000
__size_of_RtccWriteDate    (abs)         00000
__size_of_RtccWriteTime    (abs)         00000
__size_of_V_Principal      (abs)         00000
__size_of_Write_RTC        (abs)         00000
__size_of___awdiv          (abs)         00000
__size_of___lwdiv          (abs)         00000
__size_of___lwmod          (abs)         00000
__size_of___wmul           (abs)         00000
__size_of_isdigit          (abs)         00000
__size_of_lee_temperatura  (abs)         00000
__size_of_main             (abs)         00000
__size_of_sprintf          (abs)         00000
__smallconst               smallconst    00000
_anio                      dataCOMRAM    00049
_anio_d                    nvBANK0       00099
_anio_u                    nvBANK0       0009A
_buffer1                   bssBANK0      00085
_dia                       dataCOMRAM    0004B
_dia_semana                nvBANK0       0009B
_diasem                    dataCOMRAM    0004D
_dpowers                   mediumconst   0FECD
_fecha_d                   nvBANK0       0009C
_fecha_u                   nvBANK0       0009D
_hora                      dataCOMRAM    0004F
_hora_d                    nvBANK0       0009E
_hora_u                    nvBANK0       0009F
_i                         bssCOMRAM     00055
_isdigit                   text15        0EB30
_isdigit$2061              cstackCOMRAM  00002
_lectura                   bssCOMRAM     00057
_lee_temperatura           text7         0EB10
_main                      text0         0F8D8
_mes                       dataCOMRAM    00051
_mes_d                     nvBANK0       000A0
_mes_u                     nvBANK0       000A1
_minuto                    dataCOMRAM    00053
_minuto_d                  nvBANK0       000A2
_minuto_u                  nvBANK0       000A3
_segundo                   bssBANK0      0007C
_segundo_d                 nvBANK0       000A4
_segundo_u                 nvBANK0       000A5
_sprintf                   text14        0FB92
end_of_initialization      cinit         0EC7A
intlevel0                  text          00000
intlevel1                  text          00000
intlevel2                  text          00000
intlevel3                  text          00000
isdigit@c                  cstackCOMRAM  00003
main@diasem_tr             cstackCOMRAM  00048
sprintf@ap                 cstackCOMRAM  0001F
sprintf@c                  cstackCOMRAM  00027
sprintf@cp                 cstackCOMRAM  00021
sprintf@f                  cstackCOMRAM  0000F
sprintf@flag               cstackCOMRAM  0001B
sprintf@len                cstackCOMRAM  00023
sprintf@prec               cstackCOMRAM  0001E
sprintf@sp                 cstackCOMRAM  0000D
sprintf@val                cstackCOMRAM  0001C
sprintf@width              cstackCOMRAM  00025
stackhi                    (abs)         00EBF
stacklo                    (abs)         000AC
start                      init          00000
start_initialization       cinit         0EC22


FUNCTION INFORMATION:

 *************** function _main *****************
 Defined at:
		line 123 in file "../main.c"
 Parameters:    Size  Location     Type
		None
 Auto vars:     Size  Location     Type
  diasem_tr       1   71[COMRAM] unsigned char 
 Return value:  Size  Location     Type
		None               void
 Registers used:
		wreg, fsr2l, fsr2h, status,2, status,0, tblptrl, tblptrh, tblptru, prodl, prodh, cstack
 Tracked objects:
		On entry : 
		On exit  : 
		Unchanged: 
 Data sizes:     COMRAM   BANK0   BANK1   BANK2   BANK3   BANK4   BANK5   BANK6   BANK7   BANK8   BANK9  BANK10  BANK11  BANK12  BANK13  BANK14
      Params:         0       0       0       0       0       0       0       0       0       0       0       0       0       0       0       0
      Locals:         1       0       0       0       0       0       0       0       0       0       0       0       0       0       0       0
      Temps:          1       0       0       0       0       0       0       0       0       0       0       0       0       0       0       0
      Totals:         2       0       0       0       0       0       0       0       0       0       0       0       0       0       0       0
Total ram usage:        2 bytes
 Hardware stack levels required when called:    4
 This function calls:
		_Convert_diasem
		_Lcd_Cmd
		_Lcd_Init
		_Lcd_Out
		_V_Principal
		_Write_RTC
		_sprintf
 This function is called by:
		Startup code after reset
 This function uses a non-reentrant model


 *************** function _Write_RTC *****************
 Defined at:
		line 257 in file "../main.c"
 Parameters:    Size  Location     Type
		None
 Auto vars:     Size  Location     Type
		None
 Return value:  Size  Location     Type
		None               void
 Registers used:
		wreg, fsr2l, fsr2h, status,2, status,0, prodl, prodh, cstack
 Tracked objects:
		On entry : 
		On exit  : 
		Unchanged: 
 Data sizes:     COMRAM   BANK0   BANK1   BANK2   BANK3   BANK4   BANK5   BANK6   BANK7   BANK8   BANK9  BANK10  BANK11  BANK12  BANK13  BANK14
      Params:         0       0       0       0       0       0       0       0       0       0       0       0       0       0       0       0
      Locals:         0       0       0       0       0       0       0       0       0       0       0       0       0       0       0       0
      Temps:          0       0       0       0       0       0       0       0       0       0       0       0       0       0       0       0
      Totals:         0       0       0       0       0       0       0       0       0       0       0       0       0       0       0       0
Total ram usage:        0 bytes
 Hardware stack levels used:    1
 Hardware stack levels required when called:    2
 This function calls:
		_RtccWrOn
		_RtccWriteDate
		_RtccWriteTime
		___awdiv
 This function is called by:
		_main
 This function uses a non-reentrant model


 *************** function ___awdiv *****************
 Defined at:
		line 8 in file "C:\Program Files (x86)\Microchip\xc8\v1.34\sources\common\awdiv.c"
 Parameters:    Size  Location     Type
  dividend        2    0[COMRAM] int 
  divisor         2    2[COMRAM] int 
 Auto vars:     Size  Location     Type
  quotient        2    6[COMRAM] int 
  sign            1    5[COMRAM] unsigned char 
  counter         1    4[COMRAM] unsigned char 
 Return value:  Size  Location     Type
                  2    0[COMRAM] int 
 Registers used:
		wreg, status,2, status,0
 Tracked objects:
		On entry : 
		On exit  : 
		Unchanged: 
 Data sizes:     COMRAM   BANK0   BANK1   BANK2   BANK3   BANK4   BANK5   BANK6   BANK7   BANK8   BANK9  BANK10  BANK11  BANK12  BANK13  BANK14
      Params:         4       0       0       0       0       0       0       0       0       0       0       0       0       0       0       0
      Locals:         4       0       0       0       0       0       0       0       0       0       0       0       0       0       0       0
      Temps:          0       0       0       0       0       0       0       0       0       0       0       0       0       0       0       0
      Totals:         8       0       0       0       0       0       0       0       0       0       0       0       0       0       0       0
Total ram usage:        8 bytes
 Hardware stack levels used:    1
 This function calls:
		Nothing
 This function is called by:
		_Write_RTC
 This function uses a non-reentrant model


 *************** function _RtccWriteTime *****************
 Defined at:
		line 34 in file "C:\Program Files (x86)\Microchip\xc8\v1.34\sources\pic18\plib\rtcc\RtccWriteTime.c"
 Parameters:    Size  Location     Type
  pTm             2    0[COMRAM] PTR const struct .
		 -> RtccTime(4), 
  di              1    2[COMRAM] enum E7121
 Auto vars:     Size  Location     Type
  tempHourWDay    2    9[COMRAM] struct .
  tempMinSec      2    7[COMRAM] struct .
  wasWrEn         1    6[COMRAM] enum E7121
  wasAlrm         1    5[COMRAM] enum E7121
  wasOn           1    4[COMRAM] enum E7121
 Return value:  Size  Location     Type
                  1    wreg      enum E7337
 Registers used:
		wreg, fsr2l, fsr2h, status,2, status,0, cstack
 Tracked objects:
		On entry : 
		On exit  : 
		Unchanged: 
 Data sizes:     COMRAM   BANK0   BANK1   BANK2   BANK3   BANK4   BANK5   BANK6   BANK7   BANK8   BANK9  BANK10  BANK11  BANK12  BANK13  BANK14
      Params:         3       0       0       0       0       0       0       0       0       0       0       0       0       0       0       0
      Locals:         7       0       0       0       0       0       0       0       0       0       0       0       0       0       0       0
      Temps:          1       0       0       0       0       0       0       0       0       0       0       0       0       0       0       0
      Totals:        11       0       0       0       0       0       0       0       0       0       0       0       0       0       0       0
Total ram usage:       11 bytes
 Hardware stack levels used:    1
 Hardware stack levels required when called:    1
 This function calls:
		_RtccWrOn
 This function is called by:
		_Write_RTC
 This function uses a non-reentrant model


 *************** function _RtccWriteDate *****************
 Defined at:
		line 35 in file "C:\Program Files (x86)\Microchip\xc8\v1.34\sources\pic18\plib\rtcc\RtccWriteDate.c"
 Parameters:    Size  Location     Type
  pDt             2    0[COMRAM] PTR const struct .
		 -> RtccDate(4), 
  di              1    2[COMRAM] enum E7121
 Auto vars:     Size  Location     Type
  tempHourWDay    2   11[COMRAM] struct .
  tempDayMonth    2    9[COMRAM] struct .
  tempYear        2    6[COMRAM] struct .
  wasWrEn         1    8[COMRAM] enum E7121
  wasAlrm         1    5[COMRAM] enum E7121
  wasOn           1    4[COMRAM] enum E7121
 Return value:  Size  Location     Type
                  1    wreg      enum E7337
 Registers used:
		wreg, fsr2l, fsr2h, status,2, status,0, cstack
 Tracked objects:
		On entry : 
		On exit  : 
		Unchanged: 
 Data sizes:     COMRAM   BANK0   BANK1   BANK2   BANK3   BANK4   BANK5   BANK6   BANK7   BANK8   BANK9  BANK10  BANK11  BANK12  BANK13  BANK14
      Params:         3       0       0       0       0       0       0       0       0       0       0       0       0       0       0       0
      Locals:         9       0       0       0       0       0       0       0       0       0       0       0       0       0       0       0
      Temps:          1       0       0       0       0       0       0       0       0       0       0       0       0       0       0       0
      Totals:        13       0       0       0       0       0       0       0       0       0       0       0       0       0       0       0
Total ram usage:       13 bytes
 Hardware stack levels used:    1
 Hardware stack levels required when called:    1
 This function calls:
		_RtccWrOn
 This function is called by:
		_Write_RTC
 This function uses a non-reentrant model


 *************** function _RtccWrOn *****************
 Defined at:
		line 21 in file "C:\Program Files (x86)\Microchip\xc8\v1.34\sources\pic18\plib\rtcc\RtccWrOn.c"
 Parameters:    Size  Location     Type
		None
 Auto vars:     Size  Location     Type
  data            2    0        unsigned int 
 Return value:  Size  Location     Type
		None               void
 Registers used:
		wreg, status,2
 Tracked objects:
		On entry : 
		On exit  : 
		Unchanged: 
 Data sizes:     COMRAM   BANK0   BANK1   BANK2   BANK3   BANK4   BANK5   BANK6   BANK7   BANK8   BANK9  BANK10  BANK11  BANK12  BANK13  BANK14
      Params:         0       0       0       0       0       0       0       0       0       0       0       0       0       0       0       0
      Locals:         0       0       0       0       0       0       0       0       0       0       0       0       0       0       0       0
      Temps:          0       0       0       0       0       0       0       0       0       0       0       0       0       0       0       0
      Totals:         0       0       0       0       0       0       0       0       0       0       0       0       0       0       0       0
Total ram usage:        0 bytes
 Hardware stack levels used:    1
 This function calls:
		Nothing
 This function is called by:
		_Write_RTC
		_RtccWriteDate
		_RtccWriteTime
 This function uses a non-reentrant model


 *************** function _V_Principal *****************
 Defined at:
		line 224 in file "../main.c"
 Parameters:    Size  Location     Type
		None
 Auto vars:     Size  Location     Type
  cte             2   68[COMRAM] PTR unsigned char 
		 -> Convert_diasem@buffer_dia(20), 
 Return value:  Size  Location     Type
		None               void
 Registers used:
		wreg, fsr2l, fsr2h, status,2, status,0, tblptrl, tblptrh, tblptru, prodl, prodh, cstack
 Tracked objects:
		On entry : 
		On exit  : 
		Unchanged: 
 Data sizes:     COMRAM   BANK0   BANK1   BANK2   BANK3   BANK4   BANK5   BANK6   BANK7   BANK8   BANK9  BANK10  BANK11  BANK12  BANK13  BANK14
      Params:         0       0       0       0       0       0       0       0       0       0       0       0       0       0       0       0
      Locals:         2       0       0       0       0       0       0       0       0       0       0       0       0       0       0       0
      Temps:          0       0       0       0       0       0       0       0       0       0       0       0       0       0       0       0
      Totals:         2       0       0       0       0       0       0       0       0       0       0       0       0       0       0       0
Total ram usage:        2 bytes
 Hardware stack levels used:    1
 Hardware stack levels required when called:    3
 This function calls:
		_Convert_diasem
		_Lcd_Out
		_Read_RTC
		_lee_temperatura
		_sprintf
 This function is called by:
		_main
 This function uses a non-reentrant model


 *************** function _lee_temperatura *****************
 Defined at:
		line 328 in file "../main.c"
 Parameters:    Size  Location     Type
		None
 Auto vars:     Size  Location     Type
		None
 Return value:  Size  Location     Type
		None               void
 Registers used:
		wreg
 Tracked objects:
		On entry : 
		On exit  : 
		Unchanged: 
 Data sizes:     COMRAM   BANK0   BANK1   BANK2   BANK3   BANK4   BANK5   BANK6   BANK7   BANK8   BANK9  BANK10  BANK11  BANK12  BANK13  BANK14
      Params:         0       0       0       0       0       0       0       0       0       0       0       0       0       0       0       0
      Locals:         0       0       0       0       0       0       0       0       0       0       0       0       0       0       0       0
      Temps:          1       0       0       0       0       0       0       0       0       0       0       0       0       0       0       0
      Totals:         1       0       0       0       0       0       0       0       0       0       0       0       0       0       0       0
Total ram usage:        1 bytes
 Hardware stack levels used:    1
 This function calls:
		Nothing
 This function is called by:
		_V_Principal
 This function uses a non-reentrant model


 *************** function _Read_RTC *****************
 Defined at:
		line 295 in file "../main.c"
 Parameters:    Size  Location     Type
		None
 Auto vars:     Size  Location     Type
		None
 Return value:  Size  Location     Type
		None               void
 Registers used:
		wreg, fsr2l, fsr2h, status,2, status,0, prodl, prodh, cstack
 Tracked objects:
		On entry : 
		On exit  : 
		Unchanged: 
 Data sizes:     COMRAM   BANK0   BANK1   BANK2   BANK3   BANK4   BANK5   BANK6   BANK7   BANK8   BANK9  BANK10  BANK11  BANK12  BANK13  BANK14
      Params:         0       0       0       0       0       0       0       0       0       0       0       0       0       0       0       0
      Locals:         0       0       0       0       0       0       0       0       0       0       0       0       0       0       0       0
      Temps:          0       0       0       0       0       0       0       0       0       0       0       0       0       0       0       0
      Totals:         0       0       0       0       0       0       0       0       0       0       0       0       0       0       0       0
Total ram usage:        0 bytes
 Hardware stack levels used:    1
 Hardware stack levels required when called:    1
 This function calls:
		_RtccReadDate
		_RtccReadTime
 This function is called by:
		_V_Principal
 This function uses a non-reentrant model


 *************** function _RtccReadTime *****************
 Defined at:
		line 23 in file "C:\Program Files (x86)\Microchip\xc8\v1.34\sources\pic18\plib\rtcc\RtccReadTime.c"
 Parameters:    Size  Location     Type
  pTm             2    0[COMRAM] PTR struct .
		 -> RtccTime(4), 
 Auto vars:     Size  Location     Type
  rTD0            8   10[COMRAM] struct .
  rTD1            8    2[COMRAM] struct .
 Return value:  Size  Location     Type
		None               void
 Registers used:
		wreg, fsr2l, fsr2h, status,2, status,0
 Tracked objects:
		On entry : 
		On exit  : 
		Unchanged: 
 Data sizes:     COMRAM   BANK0   BANK1   BANK2   BANK3   BANK4   BANK5   BANK6   BANK7   BANK8   BANK9  BANK10  BANK11  BANK12  BANK13  BANK14
      Params:         2       0       0       0       0       0       0       0       0       0       0       0       0       0       0       0
      Locals:        16       0       0       0       0       0       0       0       0       0       0       0       0       0       0       0
      Temps:          0       0       0       0       0       0       0       0       0       0       0       0       0       0       0       0
      Totals:        18       0       0       0       0       0       0       0       0       0       0       0       0       0       0       0
Total ram usage:       18 bytes
 Hardware stack levels used:    1
 This function calls:
		Nothing
 This function is called by:
		_Read_RTC
 This function uses a non-reentrant model


 *************** function _RtccReadDate *****************
 Defined at:
		line 23 in file "C:\Program Files (x86)\Microchip\xc8\v1.34\sources\pic18\plib\rtcc\RtccReadDate.c"
 Parameters:    Size  Location     Type
  pDt             2    0[COMRAM] PTR struct .
		 -> RtccDate(4), 
 Auto vars:     Size  Location     Type
  rTD0            8   10[COMRAM] struct .
  rTD1            8    2[COMRAM] struct .
 Return value:  Size  Location     Type
		None               void
 Registers used:
		wreg, fsr2l, fsr2h, status,2, status,0
 Tracked objects:
		On entry : 
		On exit  : 
		Unchanged: 
 Data sizes:     COMRAM   BANK0   BANK1   BANK2   BANK3   BANK4   BANK5   BANK6   BANK7   BANK8   BANK9  BANK10  BANK11  BANK12  BANK13  BANK14
      Params:         2       0       0       0       0       0       0       0       0       0       0       0       0       0       0       0
      Locals:        16       0       0       0       0       0       0       0       0       0       0       0       0       0       0       0
      Temps:          0       0       0       0       0       0       0       0       0       0       0       0       0       0       0       0
      Totals:        18       0       0       0       0       0       0       0       0       0       0       0       0       0       0       0
Total ram usage:       18 bytes
 Hardware stack levels used:    1
 This function calls:
		Nothing
 This function is called by:
		_Read_RTC
 This function uses a non-reentrant model


 *************** function _Lcd_Out *****************
 Defined at:
		line 84 in file "../lcd.h"
 Parameters:    Size  Location     Type
  y               1    wreg     unsigned char 
  x               1   63[COMRAM] unsigned char 
  buffer          2   64[COMRAM] PTR const unsigned char 
		 -> Convert_diasem@buffer_dia(20), STR_6(21), STR_5(20), STR_4(18), 
		 -> STR_3(19), buffer1(20), STR_1(18), 
 Auto vars:     Size  Location     Type
  y               1   66[COMRAM] unsigned char 
  data            1   67[COMRAM] unsigned char 
 Return value:  Size  Location     Type
		None               void
 Registers used:
		wreg, fsr2l, fsr2h, status,2, status,0, tblptrl, tblptrh, tblptru, cstack
 Tracked objects:
		On entry : 
		On exit  : 
		Unchanged: 
 Data sizes:     COMRAM   BANK0   BANK1   BANK2   BANK3   BANK4   BANK5   BANK6   BANK7   BANK8   BANK9  BANK10  BANK11  BANK12  BANK13  BANK14
      Params:         3       0       0       0       0       0       0       0       0       0       0       0       0       0       0       0
      Locals:         2       0       0       0       0       0       0       0       0       0       0       0       0       0       0       0
      Temps:          0       0       0       0       0       0       0       0       0       0       0       0       0       0       0       0
      Totals:         5       0       0       0       0       0       0       0       0       0       0       0       0       0       0       0
Total ram usage:        5 bytes
 Hardware stack levels used:    1
 Hardware stack levels required when called:    1
 This function calls:
		_Lcd_Chr_CP
		_Lcd_Cmd
 This function is called by:
		_main
		_V_Principal
 This function uses a non-reentrant model


 *************** function _Lcd_Chr_CP *****************
 Defined at:
		line 126 in file "../lcd.h"
 Parameters:    Size  Location     Type
  data            1    wreg     unsigned char 
 Auto vars:     Size  Location     Type
  data            1    2[COMRAM] unsigned char 
 Return value:  Size  Location     Type
		None               void
 Registers used:
		wreg, status,2, status,0
 Tracked objects:
		On entry : 
		On exit  : 
		Unchanged: 
 Data sizes:     COMRAM   BANK0   BANK1   BANK2   BANK3   BANK4   BANK5   BANK6   BANK7   BANK8   BANK9  BANK10  BANK11  BANK12  BANK13  BANK14
      Params:         0       0       0       0       0       0       0       0       0       0       0       0       0       0       0       0
      Locals:         1       0       0       0       0       0       0       0       0       0       0       0       0       0       0       0
      Temps:          2       0       0       0       0       0       0       0       0       0       0       0       0       0       0       0
      Totals:         3       0       0       0       0       0       0       0       0       0       0       0       0       0       0       0
Total ram usage:        3 bytes
 Hardware stack levels used:    1
 This function calls:
		Nothing
 This function is called by:
		_Lcd_Out
		_Lcd_Out2
 This function uses a non-reentrant model


 *************** function _Convert_diasem *****************
 Defined at:
		line 345 in file "../main.c"
 Parameters:    Size  Location     Type
  dia             2   39[COMRAM] int 
 Auto vars:     Size  Location     Type
  buffer_dia     20   43[COMRAM] unsigned char [20]
 Return value:  Size  Location     Type
                  2   39[COMRAM] PTR unsigned char 
 Registers used:
		wreg, fsr2l, fsr2h, status,2, status,0, tblptrl, tblptrh, tblptru, prodl, prodh, cstack
 Tracked objects:
		On entry : 
		On exit  : 
		Unchanged: 
 Data sizes:     COMRAM   BANK0   BANK1   BANK2   BANK3   BANK4   BANK5   BANK6   BANK7   BANK8   BANK9  BANK10  BANK11  BANK12  BANK13  BANK14
      Params:         2       0       0       0       0       0       0       0       0       0       0       0       0       0       0       0
      Locals:        20       0       0       0       0       0       0       0       0       0       0       0       0       0       0       0
      Temps:          2       0       0       0       0       0       0       0       0       0       0       0       0       0       0       0
      Totals:        24       0       0       0       0       0       0       0       0       0       0       0       0       0       0       0
Total ram usage:       24 bytes
 Hardware stack levels used:    1
 Hardware stack levels required when called:    2
 This function calls:
		_sprintf
 This function is called by:
		_main
		_V_Principal
 This function uses a non-reentrant model


 *************** function _sprintf *****************
 Defined at:
		line 492 in file "C:\Program Files (x86)\Microchip\xc8\v1.34\sources\common\doprnt.c"
 Parameters:    Size  Location     Type
  sp              2   12[COMRAM] PTR unsigned char 
		 -> Convert_diasem@buffer_dia(20), buffer1(20), 
  f               2   14[COMRAM] PTR const unsigned char 
		 -> STR_21(3), STR_19(3), STR_17(3), STR_15(3), 
		 -> STR_13(3), STR_11(3), STR_9(3), STR_8(15), 
		 -> STR_7(15), STR_2(5), 
 Auto vars:     Size  Location     Type
  tmpval          4    0        struct .
  width           2   36[COMRAM] int 
  len             2   34[COMRAM] unsigned int 
  cp              2   32[COMRAM] PTR const unsigned char 
		 -> STR_23(7), STR_22(21), STR_20(21), STR_18(21), 
		 -> STR_16(21), STR_14(21), STR_12(21), STR_10(21), 
  ap              2   30[COMRAM] PTR void [1]
		 -> ?_sprintf(2), 
  val             2   27[COMRAM] unsigned int 
  c               1   38[COMRAM] char 
  prec            1   29[COMRAM] char 
  flag            1   26[COMRAM] unsigned char 
 Return value:  Size  Location     Type
                  2   12[COMRAM] int 
 Registers used:
		wreg, fsr2l, fsr2h, status,2, status,0, tblptrl, tblptrh, tblptru, prodl, prodh, cstack
 Tracked objects:
		On entry : 
		On exit  : 
		Unchanged: 
 Data sizes:     COMRAM   BANK0   BANK1   BANK2   BANK3   BANK4   BANK5   BANK6   BANK7   BANK8   BANK9  BANK10  BANK11  BANK12  BANK13  BANK14
      Params:        10       0       0       0       0       0       0       0       0       0       0       0       0       0       0       0
      Locals:        13       0       0       0       0       0       0       0       0       0       0       0       0       0       0       0
      Temps:          4       0       0       0       0       0       0       0       0       0       0       0       0       0       0       0
      Totals:        27       0       0       0       0       0       0       0       0       0       0       0       0       0       0       0
Total ram usage:       27 bytes
 Hardware stack levels used:    1
 Hardware stack levels required when called:    1
 This function calls:
		___lwdiv
		___lwmod
		___wmul
		_isdigit
 This function is called by:
		_main
		_V_Principal
		_Convert_diasem
 This function uses a non-reentrant model


 *************** function _isdigit *****************
 Defined at:
		line 8 in file "C:\Program Files (x86)\Microchip\xc8\v1.34\sources\common\isdigit.c"
 Parameters:    Size  Location     Type
  c               1    wreg     unsigned char 
 Auto vars:     Size  Location     Type
  c               1    2[COMRAM] unsigned char 
 Return value:  Size  Location     Type
		None               void
 Registers used:
		wreg, status,2, status,0
 Tracked objects:
		On entry : 
		On exit  : 
		Unchanged: 
 Data sizes:     COMRAM   BANK0   BANK1   BANK2   BANK3   BANK4   BANK5   BANK6   BANK7   BANK8   BANK9  BANK10  BANK11  BANK12  BANK13  BANK14
      Params:         0       0       0       0       0       0       0       0       0       0       0       0       0       0       0       0
      Locals:         2       0       0       0       0       0       0       0       0       0       0       0       0       0       0       0
      Temps:          1       0       0       0       0       0       0       0       0       0       0       0       0       0       0       0
      Totals:         3       0       0       0       0       0       0       0       0       0       0       0       0       0       0       0
Total ram usage:        3 bytes
 Hardware stack levels used:    1
 This function calls:
		Nothing
 This function is called by:
		_sprintf
 This function uses a non-reentrant model


 *************** function ___wmul *****************
 Defined at:
		line 15 in file "C:\Program Files (x86)\Microchip\xc8\v1.34\sources\common\Umul16.c"
 Parameters:    Size  Location     Type
  multiplier      2    0[COMRAM] unsigned int 
  multiplicand    2    2[COMRAM] unsigned int 
 Auto vars:     Size  Location     Type
  product         2    4[COMRAM] unsigned int 
 Return value:  Size  Location     Type
                  2    0[COMRAM] unsigned int 
 Registers used:
		wreg, status,2, status,0, prodl, prodh
 Tracked objects:
		On entry : 
		On exit  : 
		Unchanged: 
 Data sizes:     COMRAM   BANK0   BANK1   BANK2   BANK3   BANK4   BANK5   BANK6   BANK7   BANK8   BANK9  BANK10  BANK11  BANK12  BANK13  BANK14
      Params:         4       0       0       0       0       0       0       0       0       0       0       0       0       0       0       0
      Locals:         2       0       0       0       0       0       0       0       0       0       0       0       0       0       0       0
      Temps:          0       0       0       0       0       0       0       0       0       0       0       0       0       0       0       0
      Totals:         6       0       0       0       0       0       0       0       0       0       0       0       0       0       0       0
Total ram usage:        6 bytes
 Hardware stack levels used:    1
 This function calls:
		Nothing
 This function is called by:
		_sprintf
 This function uses a non-reentrant model


 *************** function ___lwmod *****************
 Defined at:
		line 8 in file "C:\Program Files (x86)\Microchip\xc8\v1.34\sources\common\lwmod.c"
 Parameters:    Size  Location     Type
  dividend        2    7[COMRAM] unsigned int 
  divisor         2    9[COMRAM] unsigned int 
 Auto vars:     Size  Location     Type
  counter         1   11[COMRAM] unsigned char 
 Return value:  Size  Location     Type
                  2    7[COMRAM] unsigned int 
 Registers used:
		wreg, status,2, status,0
 Tracked objects:
		On entry : 
		On exit  : 
		Unchanged: 
 Data sizes:     COMRAM   BANK0   BANK1   BANK2   BANK3   BANK4   BANK5   BANK6   BANK7   BANK8   BANK9  BANK10  BANK11  BANK12  BANK13  BANK14
      Params:         4       0       0       0       0       0       0       0       0       0       0       0       0       0       0       0
      Locals:         1       0       0       0       0       0       0       0       0       0       0       0       0       0       0       0
      Temps:          0       0       0       0       0       0       0       0       0       0       0       0       0       0       0       0
      Totals:         5       0       0       0       0       0       0       0       0       0       0       0       0       0       0       0
Total ram usage:        5 bytes
 Hardware stack levels used:    1
 This function calls:
		Nothing
 This function is called by:
		_sprintf
 This function uses a non-reentrant model


 *************** function ___lwdiv *****************
 Defined at:
		line 8 in file "C:\Program Files (x86)\Microchip\xc8\v1.34\sources\common\lwdiv.c"
 Parameters:    Size  Location     Type
  dividend        2    0[COMRAM] unsigned int 
  divisor         2    2[COMRAM] unsigned int 
 Auto vars:     Size  Location     Type
  quotient        2    4[COMRAM] unsigned int 
  counter         1    6[COMRAM] unsigned char 
 Return value:  Size  Location     Type
                  2    0[COMRAM] unsigned int 
 Registers used:
		wreg, status,2, status,0
 Tracked objects:
		On entry : 
		On exit  : 
		Unchanged: 
 Data sizes:     COMRAM   BANK0   BANK1   BANK2   BANK3   BANK4   BANK5   BANK6   BANK7   BANK8   BANK9  BANK10  BANK11  BANK12  BANK13  BANK14
      Params:         4       0       0       0       0       0       0       0       0       0       0       0       0       0       0       0
      Locals:         3       0       0       0       0       0       0       0       0       0       0       0       0       0       0       0
      Temps:          0       0       0       0       0       0       0       0       0       0       0       0       0       0       0       0
      Totals:         7       0       0       0       0       0       0       0       0       0       0       0       0       0       0       0
Total ram usage:        7 bytes
 Hardware stack levels used:    1
 This function calls:
		Nothing
 This function is called by:
		_sprintf
 This function uses a non-reentrant model


 *************** function _Lcd_Init *****************
 Defined at:
		line 42 in file "../lcd.h"
 Parameters:    Size  Location     Type
		None
 Auto vars:     Size  Location     Type
  data            1    4[COMRAM] unsigned char 
 Return value:  Size  Location     Type
		None               void
 Registers used:
		wreg, status,2, status,0, cstack
 Tracked objects:
		On entry : 
		On exit  : 
		Unchanged: 
 Data sizes:     COMRAM   BANK0   BANK1   BANK2   BANK3   BANK4   BANK5   BANK6   BANK7   BANK8   BANK9  BANK10  BANK11  BANK12  BANK13  BANK14
      Params:         0       0       0       0       0       0       0       0       0       0       0       0       0       0       0       0
      Locals:         1       0       0       0       0       0       0       0       0       0       0       0       0       0       0       0
      Temps:          1       0       0       0       0       0       0       0       0       0       0       0       0       0       0       0
      Totals:         2       0       0       0       0       0       0       0       0       0       0       0       0       0       0       0
Total ram usage:        2 bytes
 Hardware stack levels used:    1
 Hardware stack levels required when called:    1
 This function calls:
		_Lcd_Cmd
 This function is called by:
		_main
 This function uses a non-reentrant model


 *************** function _Lcd_Cmd *****************
 Defined at:
		line 140 in file "../lcd.h"
 Parameters:    Size  Location     Type
  data            1    wreg     unsigned char 
 Auto vars:     Size  Location     Type
  data            1    2[COMRAM] unsigned char 
 Return value:  Size  Location     Type
		None               void
 Registers used:
		wreg, status,2, status,0
 Tracked objects:
		On entry : 
		On exit  : 
		Unchanged: 
 Data sizes:     COMRAM   BANK0   BANK1   BANK2   BANK3   BANK4   BANK5   BANK6   BANK7   BANK8   BANK9  BANK10  BANK11  BANK12  BANK13  BANK14
      Params:         0       0       0       0       0       0       0       0       0       0       0       0       0       0       0       0
      Locals:         1       0       0       0       0       0       0       0       0       0       0       0       0       0       0       0
      Temps:          2       0       0       0       0       0       0       0       0       0       0       0       0       0       0       0
      Totals:         3       0       0       0       0       0       0       0       0       0       0       0       0       0       0       0
Total ram usage:        3 bytes
 Hardware stack levels used:    1
 This function calls:
		Nothing
 This function is called by:
		_Lcd_Init
		_Lcd_Out
		_main
		_Lcd_Out2
 This function uses a non-reentrant model



MODULE INFORMATION

Module		Function		Class		Link	Load	Size
../main.c
		_lee_temperatur		CODE           	EB10	0000	33
		_Read_RTC      		CODE           	F074	0000	281
		_main          		CODE           	F8D8	0000	699
		_V_Principal   		CODE           	EEAA	0000	191
		_Write_RTC     		CODE           	F752	0000	391
		_Convert_diasem		CODE           	F2A6	0000	287

../main.c estimated size: 1882

C:\Program Files (x86)\Microchip\xc8\v1.34\sources\pic18\plib\rtcc\RtccReadDate.c
		_RtccReadDate  		CODE           	ECF2	0000	143

C:\Program Files (x86)\Microchip\xc8\v1.34\sources\pic18\plib\rtcc\RtccReadDate.c estimated size: 143

C:\Program Files (x86)\Microchip\xc8\v1.34\sources\pic18\plib\rtcc\RtccWriteTime.c
		_RtccWriteTime 		CODE           	EF68	0000	269

C:\Program Files (x86)\Microchip\xc8\v1.34\sources\pic18\plib\rtcc\RtccWriteTime.c estimated size: 269

../lcd.h
		_Lcd_Init      		CODE           	F18C	0000	283
		_Lcd_Out       		CODE           	ED80	0000	149
		_Lcd_Chr_CP    		CODE           	F4E4	0000	297
		_Lcd_Cmd       		CODE           	F3C4	0000	289

../lcd.h estimated size: 1018

C:\Program Files (x86)\Microchip\xc8\v1.34\sources\common\lwmod.c
		___lwmod       		CODE           	EB7A	0000	77

C:\Program Files (x86)\Microchip\xc8\v1.34\sources\common\lwmod.c estimated size: 77

C:\Program Files (x86)\Microchip\xc8\v1.34\sources\pic18\plib\rtcc\RtccWrOn.c
		_RtccWrOn      		CODE           	EAFE	0000	19

C:\Program Files (x86)\Microchip\xc8\v1.34\sources\pic18\plib\rtcc\RtccWrOn.c estimated size: 19

C:\Program Files (x86)\Microchip\xc8\v1.34\sources\pic18\plib\rtcc\RtccReadTime.c
		_RtccReadTime  		CODE           	EC84	0000	111

C:\Program Files (x86)\Microchip\xc8\v1.34\sources\pic18\plib\rtcc\RtccReadTime.c estimated size: 111

C:\Program Files (x86)\Microchip\xc8\v1.34\sources\common\isdigit.c
		_isdigit       		CODE           	EB30	0000	35

C:\Program Files (x86)\Microchip\xc8\v1.34\sources\common\isdigit.c estimated size: 35

shared
		_dpowers       		MEDIUMCONST    	FECD	0000	11
		__initializatio		CODE           	EC22	0000	89

shared estimated size: 100

C:\Program Files (x86)\Microchip\xc8\v1.34\sources\common\lwdiv.c
		___lwdiv       		CODE           	EBC6	0000	93

C:\Program Files (x86)\Microchip\xc8\v1.34\sources\common\lwdiv.c estimated size: 93

C:\Program Files (x86)\Microchip\xc8\v1.34\sources\common\awdiv.c
		___awdiv       		CODE           	EE14	0000	151

C:\Program Files (x86)\Microchip\xc8\v1.34\sources\common\awdiv.c estimated size: 151

C:\Program Files (x86)\Microchip\xc8\v1.34\sources\common\doprnt.c
		_sprintf       		CODE           	FB92	0000	827

C:\Program Files (x86)\Microchip\xc8\v1.34\sources\common\doprnt.c estimated size: 827

C:\Program Files (x86)\Microchip\xc8\v1.34\sources\pic18\plib\rtcc\RtccWriteDate.c
		_RtccWriteDate 		CODE           	F60C	0000	327

C:\Program Files (x86)\Microchip\xc8\v1.34\sources\pic18\plib\rtcc\RtccWriteDate.c estimated size: 327

C:\Program Files (x86)\Microchip\xc8\v1.34\sources\common\Umul16.c
		___wmul        		CODE           	EB52	0000	41

C:\Program Files (x86)\Microchip\xc8\v1.34\sources\common\Umul16.c estimated size: 41

